Matplotlib created a temporary config/cache directory at /tmp/matplotlib-bpwpx_gh because the default path (/root/.config/matplotlib) is not a writable directory; it is highly recommended to set the MPLCONFIGDIR environment variable to a writable directory, in particular to speed up the import of Matplotlib and to better support multiprocessing.
test_extra_observations_are_paid_actions (test_coverage_v2.CoverageV2Tests.test_extra_observations_are_paid_actions) ... ok
test_hidden_world_and_semantics_do_not_change_initial_route (test_coverage_v2.CoverageV2Tests.test_hidden_world_and_semantics_do_not_change_initial_route) ... ok
test_horizon_is_not_a_reachability_deadline (test_coverage_v2.CoverageV2Tests.test_horizon_is_not_a_reachability_deadline) ... ok
test_orientation_cost_includes_turns_and_actions_reach_goal (test_coverage_v2.CoverageV2Tests.test_orientation_cost_includes_turns_and_actions_reach_goal) ... ok
test_projected_frontiers_do_not_stop_at_corridor_wall (test_coverage_v2.CoverageV2Tests.test_projected_frontiers_do_not_stop_at_corridor_wall) ... ok
test_reset_discards_planned_actions_and_goal (test_coverage_v2.CoverageV2Tests.test_reset_discards_planned_actions_and_goal) ... ok
test_lfs_pointer_is_not_weight (test_eval_integrity.AuditTests.test_lfs_pointer_is_not_weight) ... ok
test_multiline_matrix_records_not_lines (test_eval_integrity.AuditTests.test_multiline_matrix_records_not_lines) ... ok
test_new_schema_complete_and_partial (test_eval_integrity.AuditTests.test_new_schema_complete_and_partial) ... ok
test_real_legacy_audit_does_not_claim_physical_area (test_eval_integrity.AuditTests.test_real_legacy_audit_does_not_claim_physical_area) ... ok
test_habitat2_terminal_info_survives_reset (test_eval_integrity.AutoResetTests.test_habitat2_terminal_info_survives_reset) ... ok
test_sync_reset_preserves_terminal_and_respects_no_autoreset (test_eval_integrity.AutoResetTests.test_sync_reset_preserves_terminal_and_respects_no_autoreset) ... ok
test_eval_disables_all_training_flags (test_eval_integrity.FreezeTests.test_eval_disables_all_training_flags) ... ok
test_eval_overrides_presets_and_explicit_train_flags (test_eval_integrity.FreezeTests.test_eval_overrides_presets_and_explicit_train_flags) ... ok
test_mc_dropout_does_not_train_parameters (test_eval_integrity.FreezeTests.test_mc_dropout_does_not_train_parameters) ... ok
test_parameters_buffers_frozen_and_mutation_detected (test_eval_integrity.FreezeTests.test_parameters_buffers_frozen_and_mutation_detected) ... ok
test_training_configuration_is_preserved_outside_eval (test_eval_integrity.FreezeTests.test_training_configuration_is_preserved_outside_eval) ... ok
test_actual_main_recording_final_step_and_autoreset (test_eval_integrity.MainRecordingTests.test_actual_main_recording_final_step_and_autoreset) ... ok
test_count_once_and_keep_zero_and_missing (test_eval_integrity.MetricsTests.test_count_once_and_keep_zero_and_missing) ... ok
test_goal_budget_and_repeated_replans (test_eval_integrity.MetricsTests.test_goal_budget_and_repeated_replans) ... ok
test_physical_area_and_resolution (test_eval_integrity.MetricsTests.test_physical_area_and_resolution) ... ok
test_pose_increment_is_not_ate (test_eval_integrity.MetricsTests.test_pose_increment_is_not_ate) ... ok
test_reward_cannot_change_metrics (test_eval_integrity.MetricsTests.test_reward_cannot_change_metrics) ... ok
test_unexplorable_and_empty (test_eval_integrity.MetricsTests.test_unexplorable_and_empty) ... ok
test_all_layouts_valid_and_seeded (test_grid_exploration.GridEnvironmentTests.test_all_layouts_valid_and_seeded) ... ok
test_collision_rotation_revisits_and_step_budget (test_grid_exploration.GridEnvironmentTests.test_collision_rotation_revisits_and_step_budget) ... ok
test_coverage_monotone_and_reset_has_no_leakage (test_grid_exploration.GridEnvironmentTests.test_coverage_monotone_and_reset_has_no_leakage) ... ok
test_observation_contains_no_ground_truth_or_evaluation (test_grid_exploration.GridEnvironmentTests.test_observation_contains_no_ground_truth_or_evaluation) ... ok
test_robot_radius_blocks_narrow_door (test_grid_exploration.GridEnvironmentTests.test_robot_radius_blocks_narrow_door) ... ok
test_start_component_excludes_sealed_room (test_grid_exploration.GridEnvironmentTests.test_start_component_excludes_sealed_room) ... ok
test_closed_room_stops_and_turns_do_not_count_as_revisits (test_grid_exploration.PolicyTests.test_closed_room_stops_and_turns_do_not_count_as_revisits) ... ok
test_core_imports_do_not_load_torch_or_habitat (test_grid_exploration.PolicyTests.test_core_imports_do_not_load_torch_or_habitat) ... ok
test_hidden_world_changes_do_not_change_policy_decision (test_grid_exploration.PolicyTests.test_hidden_world_changes_do_not_change_policy_decision) ... ok
test_policies_reproduce_identical_actions_from_same_seed (test_grid_exploration.PolicyTests.test_policies_reproduce_identical_actions_from_same_seed) ... ok
test_shortest_observed_path_cannot_cross_wall (test_grid_exploration.PolicyTests.test_shortest_observed_path_cannot_cross_wall) ... ok
test_boundary_does_not_wrap (test_grid_exploration.SensorTests.test_boundary_does_not_wrap) ... ok
test_diagonal_crack_is_opaque (test_grid_exploration.SensorTests.test_diagonal_crack_is_opaque) ... ok
test_wall_occludes_and_range_fov_are_limited (test_grid_exploration.SensorTests.test_wall_occludes_and_range_fov_are_limited) ... ok
test_action_budget_includes_turns_and_terminal_heading (test_grid_mechanisms.MechanismTests.test_action_budget_includes_turns_and_terminal_heading) ... ok
test_all_masked_candidates_bounded_fallback (test_grid_mechanisms.MechanismTests.test_all_masked_candidates_bounded_fallback) ... ok
test_archived_attempts_counters_and_untried_labels (test_grid_mechanisms.MechanismTests.test_archived_attempts_counters_and_untried_labels) ... ok
test_censored_targets_are_not_failures_and_budget_is_failure (test_grid_mechanisms.MechanismTests.test_censored_targets_are_not_failures_and_budget_is_failure) ... ok
test_door_cuts_four_rooms_stable_ids_and_reset (test_grid_mechanisms.MechanismTests.test_door_cuts_four_rooms_stable_ids_and_reset) ... ok
test_frozen_candidate_rpn (test_grid_mechanisms.MechanismTests.test_frozen_candidate_rpn) ... ok
test_noisy_semantics_terminate_with_finite_budget (test_grid_mechanisms.MechanismTests.test_noisy_semantics_terminate_with_finite_budget) ... ok
test_scoring_terms_change_ranking_when_enabled (test_grid_mechanisms.MechanismTests.test_scoring_terms_change_ranking_when_enabled) ... ok
test_semantic_sensor_hidden_changes_do_not_affect_decision (test_grid_mechanisms.MechanismTests.test_semantic_sensor_hidden_changes_do_not_affect_decision) ... ok
test_unknown_boundary_is_not_a_door_wall (test_grid_mechanisms.MechanismTests.test_unknown_boundary_is_not_a_door_wall) ... ok
test_zero_weights_match_control_and_calls_respect_switches (test_grid_mechanisms.MechanismTests.test_zero_weights_match_control_and_calls_respect_switches) ... ok
test_cli_artifacts_reconstruct_metrics_and_refuse_overwrite (test_grid_pipeline.PipelineTests.test_cli_artifacts_reconstruct_metrics_and_refuse_overwrite) ... ok
test_hard_budget_rule_excludes_only_over_budget_or_failed (test_grid_protocol.ProtocolTests.test_hard_budget_rule_excludes_only_over_budget_or_failed) ... ok
test_modified_config_code_runtime_or_leaked_map_rejected (test_grid_protocol.ProtocolTests.test_modified_config_code_runtime_or_leaked_map_rejected) ... ok
test_rotations_reflections_canonicalize (test_grid_protocol.ProtocolTests.test_rotations_reflections_canonicalize) ... ok
test_soft_budget_rule_keeps_candidates_and_matches_formula (test_grid_protocol.ProtocolTests.test_soft_budget_rule_keeps_candidates_and_matches_formula) ... ok
test_disabled_is_noop_even_without_valid_observation (test_nso_runtime_integration.RuntimeTests.test_disabled_is_noop_even_without_valid_observation) ... ok
test_disconnected_or_occupied_target_has_no_projection (test_nso_runtime_integration.RuntimeTests.test_disconnected_or_occupied_target_has_no_projection) ... ok
test_lfs_pointer_is_reported_unavailable_without_crashing (test_nso_runtime_integration.RuntimeTests.test_lfs_pointer_is_reported_unavailable_without_crashing) ... ok
test_loaded_fixture_uq_changes_real_topology_gating (test_nso_runtime_integration.RuntimeTests.test_loaded_fixture_uq_changes_real_topology_gating) ... ok
test_main_contains_initial_periodic_reset_and_reward_adapter_calls (test_nso_runtime_integration.RuntimeTests.test_main_contains_initial_periodic_reset_and_reward_adapter_calls) ... ok
test_missing_clip_does_not_construct_detector_or_constant_semantic_field (test_nso_runtime_integration.RuntimeTests.test_missing_clip_does_not_construct_detector_or_constant_semantic_field) ... ok
test_missing_rpn_weights_never_predict_or_change_actor_goal (test_nso_runtime_integration.RuntimeTests.test_missing_rpn_weights_never_predict_or_change_actor_goal) ... ok
test_real_reward_snapshots_and_components_are_scene_local (test_nso_runtime_integration.RuntimeTests.test_real_reward_snapshots_and_components_are_scene_local) ... ok
test_real_topology_goal_uses_connected_path_not_coordinate_clip (test_nso_runtime_integration.RuntimeTests.test_real_topology_goal_uses_connected_path_not_coordinate_clip) ... ok
test_topology_target_rejects_footprint_over_unknown_neighbor (test_nso_runtime_integration.RuntimeTests.test_topology_target_rejects_footprint_over_unknown_neighbor) ... ok
test_training_does_not_postprocess_ppo_action (test_nso_runtime_integration.RuntimeTests.test_training_does_not_postprocess_ppo_action) ... ok
test_all_families_scales_connected_and_seeded (test_targeted_scenes.TargetedTests.test_all_families_scales_connected_and_seeded) ... ok
test_episode_metrics_and_pairing (test_targeted_scenes.TargetedTests.test_episode_metrics_and_pairing) ... ok
test_geometry_ignores_semantic_condition (test_targeted_scenes.TargetedTests.test_geometry_ignores_semantic_condition) ... ok
test_hidden_semantic_and_room_annotations_not_policy_inputs (test_targeted_scenes.TargetedTests.test_hidden_semantic_and_room_annotations_not_policy_inputs) ... ok
test_shuffle_preserves_support_and_histogram (test_targeted_scenes.TargetedTests.test_shuffle_preserves_support_and_histogram) ... ok

----------------------------------------------------------------------
Ran 70 tests in 4.926s

OK
[NSO] RPN-UQ 已初始化（MC=2, dropout=0.1）
[NSO] STGHP 拓扑图已初始化，2 个场景
[NSO] RPN-UQ 已初始化（MC=2, dropout=0.1）
[NSO] OV-SDF: unavailable: CLIP dependency missing
[NSO] RPN-UQ 已初始化（MC=2, dropout=0.1）
[NSO] 融合奖励计算器已初始化（IGCR + OV-SDF + 结构 + 前沿）
[NSO] STGHP 拓扑图已初始化，2 个场景
[NSO] STGHP 拓扑图已初始化，2 个场景
[NSO] STGHP 拓扑图已初始化，2 个场景
[NSO] STGHP 拓扑图已初始化，2 个场景
