test_all_predeclared_rows_and_reused_anchors_retained (test_semantic_attribution_plot.AttributionReportingTests.test_all_predeclared_rows_and_reused_anchors_retained) ... ok
test_imputation_inconsistent_scores_and_unreviewed_metrics_rejected (test_semantic_attribution_plot.AttributionReportingTests.test_imputation_inconsistent_scores_and_unreviewed_metrics_rejected) ... ok
test_incomplete_snapshot_cannot_claim_completion (test_semantic_attribution_plot.AttributionReportingTests.test_incomplete_snapshot_cannot_claim_completion) ... ok
test_mismatched_budget_cannot_be_an_ablation_pair (test_semantic_attribution_plot.AttributionReportingTests.test_mismatched_budget_cannot_be_an_ablation_pair) ... ok
test_missing_ablation_remains_missing_despite_known_baseline (test_semantic_attribution_plot.AttributionReportingTests.test_missing_ablation_remains_missing_despite_known_baseline) ... ok
test_plotted_values_must_match_embedded_review (test_semantic_attribution_plot.AttributionReportingTests.test_plotted_values_must_match_embedded_review) ... ok
test_shared_belief_contrast_uses_nc_and_b (test_semantic_attribution_plot.AttributionReportingTests.test_shared_belief_contrast_uses_nc_and_b) ... ok
test_zero_baseline_is_not_a_relative_gain (test_semantic_attribution_plot.AttributionReportingTests.test_zero_baseline_is_not_a_relative_gain) ... ok
test_duplicate_rule_and_all_positive_micro_faces_match_main (test_semantic_continuous_distance.ContinuousDistanceGeometryTests.test_duplicate_rule_and_all_positive_micro_faces_match_main) ... ok
test_empty_prediction_retains_infinite_distance_and_unmatched_area (test_semantic_continuous_distance.ContinuousDistanceGeometryTests.test_empty_prediction_retains_infinite_distance_and_unmatched_area) ... ok
test_parallel_surfaces_have_known_distance_and_equal_facility_mass (test_semantic_continuous_distance.ContinuousDistanceGeometryTests.test_parallel_surfaces_have_known_distance_and_equal_facility_mass) ... ok
test_unreconstructed_facility_stays_in_macro_denominator (test_semantic_continuous_distance.ContinuousDistanceGeometryTests.test_unreconstructed_facility_stays_in_macro_denominator) ... ok
test_weighted_quantile_never_renormalizes_away_infinite_mass (test_semantic_continuous_distance.ContinuousDistanceGeometryTests.test_weighted_quantile_never_renormalizes_away_infinite_mass) ... ok
test_final_pin_failure_retains_failed_output_without_retry (test_semantic_continuous_distance.ContinuousDistanceReceiptTests.test_final_pin_failure_retains_failed_output_without_retry) ... ok
test_incomplete_or_wrongly_bound_review_rejected_before_distances (test_semantic_continuous_distance.ContinuousDistanceReceiptTests.test_incomplete_or_wrongly_bound_review_rejected_before_distances) ... ok
test_receipt_archives_every_distance_and_preserves_primary_score (test_semantic_continuous_distance.ContinuousDistanceReceiptTests.test_receipt_archives_every_distance_and_preserves_primary_score) ... ok
test_binding_failure_does_not_invoke_current_item (test_semantic_declared_review_batch.DeclaredReviewControlTests.test_binding_failure_does_not_invoke_current_item) ... ok
test_declared_order_does_not_stop_for_low_or_zero_quality (test_semantic_declared_review_batch.DeclaredReviewControlTests.test_declared_order_does_not_stop_for_low_or_zero_quality) ... ok
test_first_failure_stops_without_retry_or_later_invocation (test_semantic_declared_review_batch.DeclaredReviewControlTests.test_first_failure_stops_without_retry_or_later_invocation) ... ok
test_batch_archives_exact_declaration_and_wrapper_with_compact_result (test_semantic_declared_review_batch.DeclaredReviewFixtureTests.test_batch_archives_exact_declaration_and_wrapper_with_compact_result) ... ok
test_changed_existing_target_pin_and_newly_occupied_output_stop_before_replay (test_semantic_declared_review_batch.DeclaredReviewFixtureTests.test_changed_existing_target_pin_and_newly_occupied_output_stop_before_replay) ... ok
test_duplicate_unknown_and_unsealed_runs_or_bad_protocol_pin_rejected (test_semantic_declared_review_batch.DeclaredReviewFixtureTests.test_duplicate_unknown_and_unsealed_runs_or_bad_protocol_pin_rejected) ... ok
test_failed_replay_retains_artifact_without_trying_reuse (test_semantic_declared_review_batch.DeclaredReviewFixtureTests.test_failed_replay_retains_artifact_without_trying_reuse) ... ok
test_full_dispatch_calls_only_full_existing_reviewer (test_semantic_declared_review_batch.DeclaredReviewFixtureTests.test_full_dispatch_calls_only_full_existing_reviewer) ... ok
test_preflight_rejects_existing_review_before_any_dispatch (test_semantic_declared_review_batch.DeclaredReviewFixtureTests.test_preflight_rejects_existing_review_before_any_dispatch) ... ok
test_replay_then_reuse_uses_new_target_replay_hash_and_pinned_source (test_semantic_declared_review_batch.DeclaredReviewFixtureTests.test_replay_then_reuse_uses_new_target_replay_hash_and_pinned_source) ... ok
test_reuse_only_never_replays_and_requires_explicit_existing_target_pin (test_semantic_declared_review_batch.DeclaredReviewFixtureTests.test_reuse_only_never_replays_and_requires_explicit_existing_target_pin) ... ok
test_analytic_packets_reconstruct_nonempty_real_open3d_tsdf_twice (test_semantic_experiment.SemanticExperimentTests.test_analytic_packets_reconstruct_nonempty_real_open3d_tsdf_twice) ... ok
test_gate_blocks_before_assets_ledger_and_world (test_semantic_experiment.SemanticExperimentTests.test_gate_blocks_before_assets_ledger_and_world) ... ok
test_geometry_factory_never_constructs_private_structure_matcher (test_semantic_experiment.SemanticExperimentTests.test_geometry_factory_never_constructs_private_structure_matcher) ... ok
test_phase_cannot_expand_or_change_ledger_to_restart (test_semantic_experiment.SemanticExperimentTests.test_phase_cannot_expand_or_change_ledger_to_restart) ... ok
test_protocol_rejects_old_ledger_and_unlisted_slots (test_semantic_experiment.SemanticExperimentTests.test_protocol_rejects_old_ledger_and_unlisted_slots) ... ok
test_replay_rejects_changed_decision_and_source_version (test_semantic_experiment.SemanticExperimentTests.test_replay_rejects_changed_decision_and_source_version) ... ok
test_saved_packet_and_writer_adapters_replay_entire_driver_without_world (test_semantic_experiment.SemanticExperimentTests.test_saved_packet_and_writer_adapters_replay_entire_driver_without_world) ... ok
test_finite_order_and_normal_unsuccessful_task_statuses_continue (test_semantic_finite_queue.SemanticFiniteQueueTests.test_finite_order_and_normal_unsuccessful_task_statuses_continue) ... ok
test_peer_failure_is_observed_between_batches_without_killing_current (test_semantic_finite_queue.SemanticFiniteQueueTests.test_peer_failure_is_observed_between_batches_without_killing_current) ... ok
test_peer_success_does_not_stop_and_failure_or_invalid_terminal_does (test_semantic_finite_queue.SemanticFiniteQueueTests.test_peer_success_does_not_stop_and_failure_or_invalid_terminal_does) ... ok
test_preinvocation_failure_and_partial_invocation_are_not_confused (test_semantic_finite_queue.SemanticFiniteQueueTests.test_preinvocation_failure_and_partial_invocation_are_not_confused) ... ok
test_technical_or_resource_failure_stops_without_retry (test_semantic_finite_queue.SemanticFiniteQueueTests.test_technical_or_resource_failure_stops_without_retry) ... ok
test_whole_queue_duplicate_unknown_attempted_and_oversized_rejected (test_semantic_finite_queue.SemanticFiniteQueueTests.test_whole_queue_duplicate_unknown_attempted_and_oversized_rejected) ... ok
test_different_input_calls_full_only_once (test_semantic_finite_queue_review.FiniteReviewDispatchTests.test_different_input_calls_full_only_once) ... ok
test_existing_full_is_validated_without_replaying (test_semantic_finite_queue_review.FiniteReviewDispatchTests.test_existing_full_is_validated_without_replaying) ... ok
test_existing_replay_can_only_fill_reuse_not_repeat_replay (test_semantic_finite_queue_review.FiniteReviewDispatchTests.test_existing_replay_can_only_fill_reuse_not_repeat_replay) ... ok
test_existing_replay_without_numeric_source_is_not_completed (test_semantic_finite_queue_review.FiniteReviewDispatchTests.test_existing_replay_without_numeric_source_is_not_completed) ... ok
test_post_replay_proof_failure_never_falls_back_to_full (test_semantic_finite_queue_review.FiniteReviewDispatchTests.test_post_replay_proof_failure_never_falls_back_to_full) ... ok
test_preproved_equal_input_replays_once_then_reuses (test_semantic_finite_queue_review.FiniteReviewDispatchTests.test_preproved_equal_input_replays_once_then_reuses) ... ok
test_undeclared_existing_output_is_never_overwritten (test_semantic_finite_queue_review.FiniteReviewDispatchTests.test_undeclared_existing_output_is_never_overwritten) ... ok
test_exact_arrays_and_mapper_allow_same_inputs_before_any_replay (test_semantic_finite_queue_review.FiniteReviewInputTests.test_exact_arrays_and_mapper_allow_same_inputs_before_any_replay) ... ok
test_nonmethod_slot_or_reference_mismatch_is_normal_nonreuse (test_semantic_finite_queue_review.FiniteReviewInputTests.test_nonmethod_slot_or_reference_mismatch_is_normal_nonreuse) ... ok
test_one_ulp_mesh_or_mapper_history_selects_full_normal_path (test_semantic_finite_queue_review.FiniteReviewInputTests.test_one_ulp_mesh_or_mapper_history_selects_full_normal_path) ... ok
test_complete_normal_unsuccessful_task_is_accepted_but_error_marker_stops (test_semantic_finite_queue_review.FiniteReviewTerminalTests.test_complete_normal_unsuccessful_task_is_accepted_but_error_marker_stops) ... ok
test_partial_slot_finished_line_waits_then_binds_the_reported_manifest (test_semantic_finite_queue_review.FiniteReviewTerminalTests.test_partial_slot_finished_line_waits_then_binds_the_reported_manifest) ... ok
test_technical_slot_event_is_rejected_even_with_a_manifest_pin (test_semantic_finite_queue_review.FiniteReviewTerminalTests.test_technical_slot_event_is_rejected_even_with_a_manifest_pin) ... ok
test_wrong_terminal_pin_or_technical_child_failure_cannot_mark_complete (test_semantic_finite_queue_review.FiniteReviewTerminalTests.test_wrong_terminal_pin_or_technical_child_failure_cannot_mark_complete) ... ok
test_dead_queue_stops_even_when_target_already_sealed (test_semantic_finite_queue_review.FiniteReviewWaitTests.test_dead_queue_stops_even_when_target_already_sealed) ... ok
test_declared_batches_interleave_without_changing_within_batch_order (test_semantic_finite_queue_review.FiniteReviewWaitTests.test_declared_batches_interleave_without_changing_within_batch_order) ... ok
test_explicit_order_zero_quality_continues_and_failure_stops (test_semantic_finite_queue_review.FiniteReviewWaitTests.test_explicit_order_zero_quality_continues_and_failure_stops) ... ok
test_proc_identity_binds_queue_command_start_ticks_and_boot (test_semantic_finite_queue_review.FiniteReviewWaitTests.test_proc_identity_binds_queue_command_start_ticks_and_boot) ... ok
test_queue_failure_after_review_retains_completed_receipt_accounting (test_semantic_finite_queue_review.FiniteReviewWaitTests.test_queue_failure_after_review_retains_completed_receipt_accounting) ... ok
test_sealed_next_target_does_not_wait_for_queue_completion (test_semantic_finite_queue_review.FiniteReviewWaitTests.test_sealed_next_target_does_not_wait_for_queue_completion) ... ok
test_unsealed_target_has_finite_wait_and_no_implicit_other_target (test_semantic_finite_queue_review.FiniteReviewWaitTests.test_unsealed_target_has_finite_wait_and_no_implicit_other_target) ... ok
test_actual_uninformative_block_balances_structure_without_changing_prior (test_semantic_scene_assets.SemanticSceneAssetsTests.test_actual_uninformative_block_balances_structure_without_changing_prior) ... ok
test_complete_static_bundle_has_bound_closed_meshes_and_no_world (test_semantic_scene_assets.SemanticSceneAssetsTests.test_complete_static_bundle_has_bound_closed_meshes_and_no_world) ... ok
test_invalid_design_and_existing_output_are_rejected (test_semantic_scene_assets.SemanticSceneAssetsTests.test_invalid_design_and_existing_output_are_rejected) ... ok
test_navigation_is_connected_and_identical_for_all_paired_hidden_conditions (test_semantic_scene_assets.SemanticSceneAssetsTests.test_navigation_is_connected_and_identical_for_all_paired_hidden_conditions) ... ok
test_pin_mismatch_and_changed_asset_bytes_are_rejected (test_semantic_scene_assets.SemanticSceneAssetsTests.test_pin_mismatch_and_changed_asset_bytes_are_rejected) ... ok
test_public_loader_works_with_private_assets_unavailable (test_semantic_scene_assets.SemanticSceneAssetsTests.test_public_loader_works_with_private_assets_unavailable) ... ok
test_public_workspace_rejects_truth_even_under_a_new_valid_pin (test_semantic_scene_assets.SemanticSceneAssetsTests.test_public_workspace_rejects_truth_even_under_a_new_valid_pin) ... ok
test_wrong_cues_preserve_geometry_and_shift_preserves_categories (test_semantic_scene_assets.SemanticSceneAssetsTests.test_wrong_cues_preserve_geometry_and_shift_preserves_categories) ... ok
test_coordinate_history_and_roi_arrays_are_rejected (test_semantic_scene_evaluation.SemanticSceneEvaluationTests.test_coordinate_history_and_roi_arrays_are_rejected) ... ok
test_empty_mesh_scores_zero_for_all_facilities (test_semantic_scene_evaluation.SemanticSceneEvaluationTests.test_empty_mesh_scores_zero_for_all_facilities) ... ok
test_endpoint_cannot_ignore_executed_source_mismatch (test_semantic_scene_evaluation.SemanticSceneEvaluationTests.test_endpoint_cannot_ignore_executed_source_mismatch) ... ok
test_exact_whole_mesh_and_measured_coverage (test_semantic_scene_evaluation.SemanticSceneEvaluationTests.test_exact_whole_mesh_and_measured_coverage) ... ok
test_false_geometry_outside_targets_is_not_cropped (test_semantic_scene_evaluation.SemanticSceneEvaluationTests.test_false_geometry_outside_targets_is_not_cropped) ... ok
test_false_occupied_cells_do_not_count_as_coverage (test_semantic_scene_evaluation.SemanticSceneEvaluationTests.test_false_occupied_cells_do_not_count_as_coverage) ... ok
test_missing_facility_remains_in_macro_denominator (test_semantic_scene_evaluation.SemanticSceneEvaluationTests.test_missing_facility_remains_in_macro_denominator) ... ok
test_prediction_pin_and_mapper_digest_are_required (test_semantic_scene_evaluation.SemanticSceneEvaluationTests.test_prediction_pin_and_mapper_digest_are_required) ... ok
test_prepared_reference_equals_unchanged_mathematical_builder (test_semantic_scene_evaluation.SemanticSceneEvaluationTests.test_prepared_reference_equals_unchanged_mathematical_builder) ... ok
test_reference_asset_pin_and_artifact_tampering_are_rejected (test_semantic_scene_evaluation.SemanticSceneEvaluationTests.test_reference_asset_pin_and_artifact_tampering_are_rejected) ... ok
test_archive_tamper_is_rejected (test_semantic_scene_experiment.SemanticSceneExperimentTests.test_archive_tamper_is_rejected) ... ok
test_complete_endpoint_keeps_tiny_positive_face_and_checks_prediction_pin (test_semantic_scene_experiment.SemanticSceneExperimentTests.test_complete_endpoint_keeps_tiny_positive_face_and_checks_prediction_pin) ... ok
test_draft_run_and_failed_resource_gate_never_reserve (test_semantic_scene_experiment.SemanticSceneExperimentTests.test_draft_run_and_failed_resource_gate_never_reserve) ... ok
test_full_analytic_driver_archive_inspect_and_same_driver_tsdf_replay (test_semantic_scene_experiment.SemanticSceneExperimentTests.test_full_analytic_driver_archive_inspect_and_same_driver_tsdf_replay) ... ok
test_preflight_pins_but_does_not_mutate_phase (test_semantic_scene_experiment.SemanticSceneExperimentTests.test_preflight_pins_but_does_not_mutate_phase) ... ok
test_real_matrix_schema_and_new_source_roots (test_semantic_scene_experiment.SemanticSceneExperimentTests.test_real_matrix_schema_and_new_source_roots) ... ok
test_sensor_construction_failure_is_terminal_no_retry (test_semantic_scene_experiment.SemanticSceneExperimentTests.test_sensor_construction_failure_is_terminal_no_retry) ... ok
test_manifest_pin_required_before_asset_loader (test_semantic_scene_sensor.SemanticSceneSensorBoundaryTests.test_manifest_pin_required_before_asset_loader) ... ok
test_registered_private_asset_payload_matches_sensor_contract (test_semantic_scene_sensor.SemanticSceneSensorBoundaryTests.test_registered_private_asset_payload_matches_sensor_contract) ... ok
test_resource_failure_precedes_spec_or_private_asset_read (test_semantic_scene_sensor.SemanticSceneSensorBoundaryTests.test_resource_failure_precedes_spec_or_private_asset_read) ... ok
test_runtime_cannot_change_scan_or_footprint (test_semantic_scene_sensor.SemanticSceneSensorBoundaryTests.test_runtime_cannot_change_scan_or_footprint) ... ok
test_runtime_cannot_silently_change_observation_noise (test_semantic_scene_sensor.SemanticSceneSensorBoundaryTests.test_runtime_cannot_silently_change_observation_noise) ... ok
test_wrapped_marker_json_cannot_masquerade_as_loader_payload (test_semantic_scene_sensor.SemanticSceneSensorBoundaryTests.test_wrapped_marker_json_cannot_masquerade_as_loader_payload) ... ok
test_absent_initialization_receipts_are_unknown_not_zero (test_semantic_scene_summary.SceneSummaryCorrectionTests.test_absent_initialization_receipts_are_unknown_not_zero) ... ok
test_draft_is_validated_without_claiming_execution_authorization (test_semantic_scene_summary.SceneSummaryCorrectionTests.test_draft_is_validated_without_claiming_execution_authorization) ... ok
test_frozen_authorization_and_source_declaration_cannot_disagree (test_semantic_scene_summary.SceneSummaryCorrectionTests.test_frozen_authorization_and_source_declaration_cannot_disagree) ... ok
test_informative_residual_and_predicted_evi_are_not_applied_feedback (test_semantic_scene_summary.SceneSummaryCorrectionTests.test_informative_residual_and_predicted_evi_are_not_applied_feedback) ... ok
test_initialization_none_scores_empty_forecasts_and_real_cancellation (test_semantic_scene_summary.SceneSummaryCorrectionTests.test_initialization_none_scores_empty_forecasts_and_real_cancellation) ... ok
test_initialization_rejects_fake_gain_and_inconsistent_actual_spending (test_semantic_scene_summary.SceneSummaryCorrectionTests.test_initialization_rejects_fake_gain_and_inconsistent_actual_spending) ... ok
test_one_revision_retains_old_five_and_new_96_separately (test_semantic_scene_summary.SceneSummaryCorrectionTests.test_one_revision_retains_old_five_and_new_96_separately) ... ok
test_rejects_changed_science_retirement_counts_and_second_revision (test_semantic_scene_summary.SceneSummaryCorrectionTests.test_rejects_changed_science_retirement_counts_and_second_revision) ... ok
test_retired_reference_checks_pinned_bytes_and_archived_generator_sources (test_semantic_scene_summary.SceneSummaryCorrectionTests.test_retired_reference_checks_pinned_bytes_and_archived_generator_sources) ... ok
test_changed_original_review_and_producer_copy_pins_are_rejected (test_semantic_scene_summary.SceneSummaryReuseTests.test_changed_original_review_and_producer_copy_pins_are_rejected) ... ok
test_original_complete_source_review_cannot_be_a_reuse_chain (test_semantic_scene_summary.SceneSummaryReuseTests.test_original_complete_source_review_cannot_be_a_reuse_chain) ... ok
test_rechecks_original_arrays_not_just_saved_equality_flags (test_semantic_scene_summary.SceneSummaryReuseTests.test_rechecks_original_arrays_not_just_saved_equality_flags) ... ok
test_rejects_forged_numeric_value_target_pin_and_equivalence_flag (test_semantic_scene_summary.SceneSummaryReuseTests.test_rejects_forged_numeric_value_target_pin_and_equivalence_flag) ... ok
test_retired_reuse_checks_archives_without_current_source_identity (test_semantic_scene_summary.SceneSummaryReuseTests.test_retired_reuse_checks_archives_without_current_source_identity) ... ok
test_saved_chain_accepts_only_rebound_target_score_and_marks_reused (test_semantic_scene_summary.SceneSummaryReuseTests.test_saved_chain_accepts_only_rebound_target_score_and_marks_reused) ... ok
test_supplemental_discovery_uses_run_identity_and_rejects_duplicates (test_semantic_scene_summary.SceneSummaryReuseTests.test_supplemental_discovery_uses_run_identity_and_rejects_duplicates) ... ok
test_target_independent_replay_cannot_be_replaced_by_source_replay (test_semantic_scene_summary.SceneSummaryReuseTests.test_target_independent_replay_cannot_be_replaced_by_source_replay) ... ok
test_archived_review_allows_only_current_source_drift_when_explicit (test_semantic_scene_summary.SceneSummaryTests.test_archived_review_allows_only_current_source_drift_when_explicit) ... ok
test_bound_existing_review_is_only_metric_source (test_semantic_scene_summary.SceneSummaryTests.test_bound_existing_review_is_only_metric_source) ... ok
test_coverage_and_failed_return_remain_guards (test_semantic_scene_summary.SceneSummaryTests.test_coverage_and_failed_return_remain_guards) ... ok
test_missing_parent_cannot_pass_and_is_not_zero (test_semantic_scene_summary.SceneSummaryTests.test_missing_parent_cannot_pass_and_is_not_zero) ... ok
test_one_parent_cannot_carry_algorithm_gate (test_semantic_scene_summary.SceneSummaryTests.test_one_parent_cannot_carry_algorithm_gate) ... ok
test_ratio_of_means_not_mean_of_ratios (test_semantic_scene_summary.SceneSummaryTests.test_ratio_of_means_not_mean_of_ratios) ... ok
test_rejects_unbound_review_partial_replay_and_wrong_metric (test_semantic_scene_summary.SceneSummaryTests.test_rejects_unbound_review_partial_replay_and_wrong_metric) ... ok
test_reuses_existing_paid_receipt_parser (test_semantic_scene_summary.SceneSummaryTests.test_reuses_existing_paid_receipt_parser) ... ok
test_unattempted_running_and_failed_are_distinct_without_scores (test_semantic_scene_summary.SceneSummaryTests.test_unattempted_running_and_failed_are_distinct_without_scores) ... ok
test_zero_baseline_is_undefined_not_infinite_pass (test_semantic_scene_summary.SceneSummaryTests.test_zero_baseline_is_undefined_not_infinite_pass) ... ok

----------------------------------------------------------------------
Ran 119 tests in 6.790s

OK
