\BOOKMARK [1][-]{section.1}{\376\377\137\025\212\000}{}% 1
\BOOKMARK [1][-]{section.2}{\376\377\166\370\121\163\135\345\117\134\116\016\170\024\172\166\133\232\117\115}{}% 2
\BOOKMARK [2][-]{subsection.2.1}{\376\377\134\102\153\041\123\026\121\340\117\125\143\242\175\042}{section.2}% 3
\BOOKMARK [2][-]{subsection.2.2}{\376\377\213\355\116\111\135\341\150\300\060\001\230\204\155\113\116\016\116\373\122\241\166\370\121\163\136\372\126\376}{section.2}% 4
\BOOKMARK [2][-]{subsection.2.3}{\376\377\147\054\145\207\166\204\121\167\117\123\150\300\232\214\133\371\214\141}{section.2}% 5
\BOOKMARK [1][-]{section.3}{\376\377\116\373\122\241\133\232\116\111\116\016\213\304\116\367\123\237\122\031}{}% 6
\BOOKMARK [2][-]{subsection.3.1}{\376\377\116\373\122\241\060\001\117\341\140\157\116\016\176\246\147\137}{section.3}% 7
\BOOKMARK [2][-]{subsection.3.2}{\376\377\116\214\176\364\211\206\166\326\116\016\116\011\176\364\210\150\227\142\215\050\221\317}{section.3}% 8
\BOOKMARK [2][-]{subsection.3.3}{\376\377\145\351\147\037\213\301\143\156\221\307\165\050\166\204\123\346\116\000\143\007\150\007}{section.3}% 9
\BOOKMARK [1][-]{section.4}{\376\377\213\355\116\111\147\141\116\366\134\102\153\041\211\302\133\337\145\271\154\325}{}% 10
\BOOKMARK [2][-]{subsection.4.1}{\376\377\126\333\152\041\127\127\133\236\163\260\116\016\117\341\140\157\226\224\171\273}{section.4}% 11
\BOOKMARK [2][-]{subsection.4.2}{\376\377\000O\000V\000-\000S\000D\000F\377\032\174\173\122\053\147\141\116\366\147\103\221\315\116\016\117\335\133\210\146\364\145\260}{section.4}% 12
\BOOKMARK [2][-]{subsection.4.3}{\376\377\000I\000G\000C\000R\377\032\165\061\133\236\155\113\153\213\135\356\117\356\153\143\176\323\147\204\120\107\213\276}{section.4}% 13
\BOOKMARK [2][-]{subsection.4.4}{\376\377\000S\000T\000G\000H\000P\377\032\230\204\155\113\211\302\133\337\116\367\120\074\116\016\230\204\173\227\211\304\122\022}{section.4}% 14
\BOOKMARK [2][-]{subsection.4.5}{\376\377\000R\000P\000N\000-\000U\000Q\377\032\123\357\210\114\140\047\116\016\142\147\210\114}{section.4}% 15
\BOOKMARK [1][-]{section.5}{\376\377\133\236\232\214\213\276\213\241\116\016\123\357\131\015\163\260\140\047}{}% 16
\BOOKMARK [2][-]{subsection.5.1}{\376\377\147\072\122\066\133\374\124\021\127\072\146\157\116\016\213\301\143\156\122\006\134\102}{section.5}% 17
\BOOKMARK [2][-]{subsection.5.2}{\376\377\121\161\116\253\117\040\141\037\060\001\207\215\124\010\116\016\126\152\130\360}{section.5}% 18
\BOOKMARK [2][-]{subsection.5.3}{\376\377\133\371\161\147\116\016\136\162\230\204}{section.5}% 19
\BOOKMARK [2][-]{subsection.5.4}{\376\377\176\337\213\241\060\001\121\273\176\323\116\016\131\061\215\045\117\335\165\131}{section.5}% 20
\BOOKMARK [1][-]{section.6}{\376\377\176\323\147\234}{}% 21
\BOOKMARK [2][-]{subsection.6.1}{\376\377\121\273\176\323\127\050\176\277\145\271\150\110\166\204\200\124\124\010\136\372\150\143\145\110\147\234}{section.6}% 22
\BOOKMARK [2][-]{subsection.6.2}{\376\377\145\066\166\312\146\057\124\046\165\061\213\355\116\111\117\341\140\157\137\025\215\167}{section.6}% 23
\BOOKMARK [2][-]{subsection.6.3}{\376\377\121\340\117\125\123\315\231\210\166\204\145\066\166\312\116\016\134\100\226\120}{section.6}% 24
\BOOKMARK [1][-]{section.7}{\376\377\121\161\124\014\000C\000P\000U\131\026\220\350\147\072\122\066\116\016\174\373\176\337\220\002\221\115\153\324\217\203}{}% 25
\BOOKMARK [2][-]{subsection.7.1}{\376\377\213\276\213\241\060\001\133\236\163\260\116\016\121\154\136\163\140\047\217\271\165\114}{section.7}% 26
\BOOKMARK [2][-]{subsection.7.2}{\376\377\133\214\145\164\167\351\226\065\176\323\147\234\116\016\147\072\122\066\211\343\221\312}{section.7}% 27
\BOOKMARK [2][-]{subsection.7.3}{\376\377\133\214\145\164\000T\000A\000R\000E\202\202\160\271\166\204\127\060\227\142\000R\000G\000B\000-\000D\217\301\171\373}{section.7}% 28
\BOOKMARK [1][-]{section.8}{\376\377\211\302\155\113\232\161\122\250\142\151\134\125\116\016\162\354\172\313\213\304\116\367\123\117\213\256}{}% 29
\BOOKMARK [2][-]{subsection.8.1}{\376\377\121\161\116\253\121\110\232\214\116\016\127\050\176\277\211\302\155\113\147\103\226\120}{section.8}% 30
\BOOKMARK [2][-]{subsection.8.2}{\376\377\165\061\133\236\155\113\176\323\147\204\213\301\143\156\230\204\155\113\120\031\220\011\211\302\133\337\116\367\120\074}{section.8}% 31
\BOOKMARK [2][-]{subsection.8.3}{\376\377\215\350\213\276\145\275\122\006\221\115\060\001\134\100\220\350\142\147\210\114\116\016\217\324\202\052}{section.8}% 32
\BOOKMARK [2][-]{subsection.8.4}{\376\377\126\372\133\232\123\357\220\032\210\114\127\337\211\206\166\326\116\016\121\150\230\204\155\113\127\337\210\150\227\142\213\304\116\367}{section.8}% 33
\BOOKMARK [2][-]{subsection.8.5}{\376\377\123\302\200\003\217\321\117\074\060\001\221\315\173\227\116\016\124\016\176\355\213\301\143\156\211\201\154\102}{section.8}% 34
\BOOKMARK [1][-]{section.9}{\376\377\213\250\213\272}{}% 35
\BOOKMARK [2][-]{subsection.9.1}{\376\377\117\125\145\366\213\355\116\111\120\074\137\227\117\177\165\050}{section.9}% 36
\BOOKMARK [2][-]{subsection.9.2}{\376\377\145\164\117\123\145\271\150\110\124\010\164\006\140\047\116\016\134\032\177\072\213\301\143\156}{section.9}% 37
\BOOKMARK [2][-]{subsection.9.3}{\376\377\124\016\176\355\206\132\142\337\232\214\213\301\166\204\122\044\133\232\153\041\136\217}{section.9}% 38
\BOOKMARK [1][-]{section.10}{\376\377\176\323\213\272}{}% 39
\BOOKMARK [1][-]{appendix.A}{\376\377\162\354\172\313\133\146\116\140\127\213\213\301\143\156\116\016\123\206\123\362\215\037\176\323\147\234}{}% 40
\BOOKMARK [2][-]{subsection.A.1}{\376\377\133\146\116\140\127\213\147\141\116\366\145\066\166\312\166\204\162\354\172\313\210\145\121\105\213\301\143\156}{appendix.A}% 41
\BOOKMARK [2][-]{subsection.A.2}{\376\377\123\206\123\362\155\210\207\215\116\016\215\037\176\323\147\234\166\204\124\053\116\111}{appendix.A}% 42
\BOOKMARK [1][-]{appendix.B}{\376\377\131\015\163\260\121\145\123\343\116\016\213\301\143\156\175\042\137\025}{}% 43
\BOOKMARK [1][-]{appendix.C}{\376\377\133\236\163\260\133\241\213\241\116\016\123\206\123\362\147\120\145\231}{}% 44
