{"run_id": "dev_AISLE_B_b160_n92801", "status": "prepared_no_quality_evaluation", "prepared": "/root/NSO/audit_results/article_stage_20260928/common_evaluation_v1/dev_AISLE_B_b160_n92801/prepared", "sealed_prediction_available": true, "motion_completion_verified": true, "removed_faces": 0, "new_surface_evaluations": 0}
{"run_id": "dev_AISLE_B_b160_n92801", "status": "derived_quality_available", "mode": "verified_exact_input_reuse", "new_surface_evaluations": 0, "elapsed_s": 0.35719252517446876}
{"run_id": "dev_AISLE_G_b160_n92801", "status": "prepared_no_quality_evaluation", "prepared": "/root/NSO/audit_results/article_stage_20260928/common_evaluation_v1/dev_AISLE_G_b160_n92801/prepared", "sealed_prediction_available": true, "motion_completion_verified": true, "removed_faces": 0, "new_surface_evaluations": 0}
{"run_id": "dev_AISLE_G_b160_n92801", "status": "derived_quality_available", "mode": "verified_exact_input_reuse", "new_surface_evaluations": 0, "elapsed_s": 0.30912942299619317}
{"run_id": "dev_AISLE_NBV_b160_n92801", "status": "prepared_no_quality_evaluation", "prepared": "/root/NSO/audit_results/article_stage_20260928/common_evaluation_v1/dev_AISLE_NBV_b160_n92801/prepared", "sealed_prediction_available": true, "motion_completion_verified": true, "removed_faces": 0, "new_surface_evaluations": 0}
{"run_id": "dev_AISLE_NBV_b160_n92801", "status": "derived_quality_available", "mode": "verified_exact_input_reuse", "new_surface_evaluations": 0, "elapsed_s": 0.553230679128319}
{"run_id": "dev_AISLE_S_b160_n92801", "status": "prepared_no_quality_evaluation", "prepared": "/root/NSO/audit_results/article_stage_20260928/common_evaluation_v1/dev_AISLE_S_b160_n92801/prepared", "sealed_prediction_available": true, "motion_completion_verified": true, "removed_faces": 0, "new_surface_evaluations": 0}
{"run_id": "dev_AISLE_S_b160_n92801", "status": "derived_quality_available", "mode": "verified_exact_input_reuse", "new_surface_evaluations": 0, "elapsed_s": 0.43605371890589595}
{"run_id": "dev_CELL_B_b160_n92801", "status": "prepared_no_quality_evaluation", "prepared": "/root/NSO/audit_results/article_stage_20260928/common_evaluation_v1/dev_CELL_B_b160_n92801/prepared", "sealed_prediction_available": true, "motion_completion_verified": true, "removed_faces": 0, "new_surface_evaluations": 0}
{"run_id": "dev_CELL_B_b160_n92801", "status": "derived_quality_available", "mode": "verified_exact_input_reuse", "new_surface_evaluations": 0, "elapsed_s": 0.45817836094647646}
{"run_id": "dev_CELL_NBV_b160_n92801", "status": "prepared_no_quality_evaluation", "prepared": "/root/NSO/audit_results/article_stage_20260928/common_evaluation_v1/dev_CELL_NBV_b160_n92801/prepared", "sealed_prediction_available": true, "motion_completion_verified": true, "removed_faces": 0, "new_surface_evaluations": 0}
{"run_id": "dev_CELL_NBV_b160_n92801", "status": "derived_quality_available", "mode": "verified_exact_input_reuse", "new_surface_evaluations": 0, "elapsed_s": 0.37915359204635024}
{"run_id": "dev_CELL_S_b160_n92801", "status": "prepared_no_quality_evaluation", "prepared": "/root/NSO/audit_results/article_stage_20260928/common_evaluation_v1/dev_CELL_S_b160_n92801/prepared", "sealed_prediction_available": true, "motion_completion_verified": true, "removed_faces": 0, "new_surface_evaluations": 0}
{"run_id": "dev_CELL_S_b160_n92801", "status": "derived_quality_available", "mode": "verified_exact_input_reuse", "new_surface_evaluations": 0, "elapsed_s": 0.3018776699900627}
{"run_id": "dev_LOOP_B_b160_n92801", "status": "prepared_no_quality_evaluation", "prepared": "/root/NSO/audit_results/article_stage_20260928/common_evaluation_v1/dev_LOOP_B_b160_n92801/prepared", "sealed_prediction_available": true, "motion_completion_verified": true, "removed_faces": 0, "new_surface_evaluations": 0}
{"run_id": "dev_LOOP_B_b160_n92801", "status": "derived_quality_available", "mode": "verified_exact_input_reuse", "new_surface_evaluations": 0, "elapsed_s": 0.32404044503346086}
{"run_id": "dev_LOOP_G_b160_n92801", "status": "prepared_no_quality_evaluation", "prepared": "/root/NSO/audit_results/article_stage_20260928/common_evaluation_v1/dev_LOOP_G_b160_n92801/prepared", "sealed_prediction_available": true, "motion_completion_verified": true, "removed_faces": 0, "new_surface_evaluations": 0}
{"run_id": "dev_LOOP_G_b160_n92801", "status": "derived_quality_available", "mode": "verified_exact_input_reuse", "new_surface_evaluations": 0, "elapsed_s": 0.441666295286268}
{"run_id": "dev_LOOP_NBV_b160_n92801", "status": "prepared_no_quality_evaluation", "prepared": "/root/NSO/audit_results/article_stage_20260928/common_evaluation_v1/dev_LOOP_NBV_b160_n92801/prepared", "sealed_prediction_available": true, "motion_completion_verified": true, "removed_faces": 0, "new_surface_evaluations": 0}
{"run_id": "dev_LOOP_NBV_b160_n92801", "status": "derived_quality_available", "mode": "verified_exact_input_reuse", "new_surface_evaluations": 0, "elapsed_s": 0.3986320272088051}
{"run_id": "dev_LOOP_S_b160_n92801", "status": "prepared_no_quality_evaluation", "prepared": "/root/NSO/audit_results/article_stage_20260928/common_evaluation_v1/dev_LOOP_S_b160_n92801/prepared", "sealed_prediction_available": true, "motion_completion_verified": true, "removed_faces": 0, "new_surface_evaluations": 0}
{"run_id": "dev_LOOP_S_b160_n92801", "status": "derived_quality_available", "mode": "verified_exact_input_reuse", "new_surface_evaluations": 0, "elapsed_s": 0.34872121503576636}
