{
  "output": "/root/NSO/audit_results/article_stage_20260928/analysis_v1/development12_terminal_20260928",
  "phases": {
    "development": {
      "status_counts": {
        "reviewed_qualified": 11,
        "failed_attempt_reviewed": 1
      },
      "qualified_pairs": 15,
      "source_protocols": [
        {
          "path": "configs/virtual3d/article_development_v1_20260928.json",
          "sha256": "2bfac2bb22995b9b90cdb870f214f6d584439db5d126c02480d806e82cebb4a9",
          "slots": 12
        }
      ]
    },
    "main": {
      "status": "no_frozen_protocol_supplied",
      "status_counts": {},
      "qualified_pairs": 0
    }
  },
  "findings": 1,
  "bytes": 10274621
}
