test_all_four_methods_refuse_an_action_that_cannot_return (test_article_experiment_v1.ArticleControllerTests.test_all_four_methods_refuse_an_action_that_cannot_return) ... ok
test_audit_adapter_removes_only_declared_field_and_keeps_gt_rejection (test_article_experiment_v1.ArticleControllerTests.test_audit_adapter_removes_only_declared_field_and_keeps_gt_rejection) ... ok
test_cache_repair_switch_and_feedback_ablations_are_explicit (test_article_experiment_v1.ArticleControllerTests.test_cache_repair_switch_and_feedback_ablations_are_explicit) ... ok
test_collector_conflict_invalidates_cached_residual_and_forecast_channel (test_article_experiment_v1.ArticleControllerTests.test_collector_conflict_invalidates_cached_residual_and_forecast_channel) ... ok
test_g_b_s_share_geometry_frontend_and_action_zero_access (test_article_experiment_v1.ArticleControllerTests.test_g_b_s_share_geometry_frontend_and_action_zero_access) ... ok
test_nbv_retains_paid_direct_route_and_has_no_diagnostic_lookahead (test_article_experiment_v1.ArticleControllerTests.test_nbv_retains_paid_direct_route_and_has_no_diagnostic_lookahead) ... ok
test_one_paid_marker_packet_crosses_new_audit_whitelist_and_old_predictor (test_article_experiment_v1.ArticleControllerTests.test_one_paid_marker_packet_crosses_new_audit_whitelist_and_old_predictor) ... ok
test_three_paid_marker_views_use_compatible_plane_and_channel_receipts (test_article_experiment_v1.ArticleControllerTests.test_three_paid_marker_views_use_compatible_plane_and_channel_receipts) ... ok
test_exhausted_or_rebound_ledger_is_not_a_fresh_queue (test_article_experiment_v1.ArticleLedgerTests.test_exhausted_or_rebound_ledger_is_not_a_fresh_queue) ... ok
test_failed_and_unfinished_reservations_cannot_be_reused (test_article_experiment_v1.ArticleLedgerTests.test_failed_and_unfinished_reservations_cannot_be_reused) ... ok
test_interrupted_local_ledger_write_still_consumes_global_slot (test_article_experiment_v1.ArticleLedgerTests.test_interrupted_local_ledger_write_still_consumes_global_slot) ... ok
test_two_output_revisions_share_cumulative_phase_cap (test_article_experiment_v1.ArticleLedgerTests.test_two_output_revisions_share_cumulative_phase_cap) ... ok
test_capture_motion_return_and_tsdf_are_shared_original_implementations (test_article_experiment_v1.ArticleProtocolTests.test_capture_motion_return_and_tsdf_are_shared_original_implementations) ... ok
test_phase_caps_and_split_separation (test_article_experiment_v1.ArticleProtocolTests.test_phase_caps_and_split_separation) ... ok
test_source_closure_contains_adapter_physics_mapper_and_measured_evidence (test_article_experiment_v1.ArticleProtocolTests.test_source_closure_contains_adapter_physics_mapper_and_measured_evidence) ... ok
test_storage_gate_keeps_one_gib_reserve_and_episode_allowance (test_article_experiment_v1.ArticleProtocolTests.test_storage_gate_keeps_one_gib_reserve_and_episode_allowance) ... ok
test_undeclared_modes_drafts_and_old_roots_are_rejected (test_article_experiment_v1.ArticleProtocolTests.test_undeclared_modes_drafts_and_old_roots_are_rejected) ... ok
test_retained_pre_world_failure_is_reviewed_without_calling_sensor (test_article_experiment_v1.ArticleReadOnlyReviewTests.test_retained_pre_world_failure_is_reviewed_without_calling_sensor) ... ok
test_running_reservation_is_pending_and_creates_no_review_files (test_article_experiment_v1.ArticleReadOnlyReviewTests.test_running_reservation_is_pending_and_creates_no_review_files) ... ok
test_component_failure_is_saved_before_world_and_never_retried (test_article_experiment_v1.ArticleRunFailureTests.test_component_failure_is_saved_before_world_and_never_retried) ... ok
test_source_mismatch_and_resource_block_never_reserve (test_article_experiment_v1.ArticleRunFailureTests.test_source_mismatch_and_resource_block_never_reserve) ... ok
test_writer_initialization_failure_is_retained_and_reserved_once (test_article_experiment_v1.ArticleRunFailureTests.test_writer_initialization_failure_is_retained_and_reserved_once) ... ok
test_cache_full_does_not_discard_first_reliable_measurement (test_observed_instances_article_v1.ArticleEvidenceTests.test_cache_full_does_not_discard_first_reliable_measurement) ... ok
test_duplicate_payload_remains_rejected_even_before_first_feedback (test_observed_instances_article_v1.ArticleEvidenceTests.test_duplicate_payload_remains_rejected_even_before_first_feedback) ... ok
test_g_and_s_have_identical_measurement_eligibility (test_observed_instances_article_v1.ArticleEvidenceTests.test_g_and_s_have_identical_measurement_eligibility) ... ok
test_new_paid_view_can_contribute_after_cache_full (test_observed_instances_article_v1.ArticleEvidenceTests.test_new_paid_view_can_contribute_after_cache_full) ... ok
test_repeated_or_tiny_changed_pose_does_not_reinforce_cache_rescue (test_observed_instances_article_v1.ArticleEvidenceTests.test_repeated_or_tiny_changed_pose_does_not_reinforce_cache_rescue) ... ok
test_successful_feedback_cap_is_preserved (test_observed_instances_article_v1.ArticleEvidenceTests.test_successful_feedback_cap_is_preserved) ... ok
test_uninformative_rescue_does_not_consume_feedback_budget (test_observed_instances_article_v1.ArticleEvidenceTests.test_uninformative_rescue_does_not_consume_feedback_budget) ... ok
test_unsaturated_behavior_preserves_geometry_and_category_state (test_observed_instances_article_v1.ArticleEvidenceTests.test_unsaturated_behavior_preserves_geometry_and_category_state) ... ok
test_wrong_hash_and_old_frame_are_rejected (test_observed_instances_article_v1.ArticleEvidenceTests.test_wrong_hash_and_old_frame_are_rejected) ... ok
test_conflicting_reliable_planes_invalidate_cache (test_observed_marker_planes_article_v1.MarkerPlaneArticleTests.test_conflicting_reliable_planes_invalidate_cache) ... ok
test_finite_point_and_frame_capacity (test_observed_marker_planes_article_v1.MarkerPlaneArticleTests.test_finite_point_and_frame_capacity) ... ok
test_legacy_success_retains_its_geometric_values (test_observed_marker_planes_article_v1.MarkerPlaneArticleTests.test_legacy_success_retains_its_geometric_values) ... ok
test_overlapping_instance_masks_are_not_unique_associations (test_observed_marker_planes_article_v1.MarkerPlaneArticleTests.test_overlapping_instance_masks_are_not_unique_associations) ... ok
test_partial_label_keeps_centre_ambiguity (test_observed_marker_planes_article_v1.MarkerPlaneArticleTests.test_partial_label_keeps_centre_ambiguity) ... ok
test_private_fields_hash_and_measured_points_are_validated (test_observed_marker_planes_article_v1.MarkerPlaneArticleTests.test_private_fields_hash_and_measured_points_are_validated) ... ok
test_relabelled_identical_payload_is_rejected (test_observed_marker_planes_article_v1.MarkerPlaneArticleTests.test_relabelled_identical_payload_is_rejected) ... ok
test_returned_receipt_cannot_mutate_internal_plane (test_observed_marker_planes_article_v1.MarkerPlaneArticleTests.test_returned_receipt_cannot_mutate_internal_plane) ... ok
test_same_pose_with_new_noise_is_not_an_independent_view (test_observed_marker_planes_article_v1.MarkerPlaneArticleTests.test_same_pose_with_new_noise_is_not_an_independent_view) ... ok
test_scatter_inconsistent_with_noise_does_not_manufacture_a_plane (test_observed_marker_planes_article_v1.MarkerPlaneArticleTests.test_scatter_inconsistent_with_noise_does_not_manufacture_a_plane) ... ok
test_sealed_p01_nominal_instance2_twenty_six_points (test_observed_marker_planes_article_v1.MarkerPlaneArticleTests.test_sealed_p01_nominal_instance2_twenty_six_points) ... ok
test_sparse_distinct_paid_views_can_resolve_plane (test_observed_marker_planes_article_v1.MarkerPlaneArticleTests.test_sparse_distinct_paid_views_can_resolve_plane) ... ok
test_uncertain_association_never_initializes (test_observed_marker_planes_article_v1.MarkerPlaneArticleTests.test_uncertain_association_never_initializes) ... ok
test_all_methods_share_action_zero_candidates_without_semantics (test_controller_semantic_mechanism.SemanticMechanismControllerTests.test_all_methods_share_action_zero_candidates_without_semantics) ... ok
test_current_footprint_veto_records_terminal_receipt_without_paid_action (test_controller_semantic_mechanism.SemanticMechanismControllerTests.test_current_footprint_veto_records_terminal_receipt_without_paid_action) ... ok
test_feedback_and_future_ablations_are_distinct_configuration (test_controller_semantic_mechanism.SemanticMechanismControllerTests.test_feedback_and_future_ablations_are_distinct_configuration) ... ok
test_macro_is_committed_until_actual_extra_observe_is_accepted (test_controller_semantic_mechanism.SemanticMechanismControllerTests.test_macro_is_committed_until_actual_extra_observe_is_accepted) ... ok
test_observed_geometry_and_qualified_single_instance_have_matched_initial_priors (test_controller_semantic_mechanism.SemanticMechanismControllerTests.test_observed_geometry_and_qualified_single_instance_have_matched_initial_priors) ... ok
test_paid_information_score_accounts_for_cost_and_preserves_geometry_evi (test_controller_semantic_mechanism.SemanticMechanismControllerTests.test_paid_information_score_accounts_for_cost_and_preserves_geometry_evi) ... ok
test_random_ties_give_one_vote_per_executable_target (test_controller_semantic_mechanism.SemanticMechanismControllerTests.test_random_ties_give_one_vote_per_executable_target) ... ok
test_route_budget_includes_two_paid_observations_and_return_heading (test_controller_semantic_mechanism.SemanticMechanismControllerTests.test_route_budget_includes_two_paid_observations_and_return_heading) ... ok
test_selection_route_cache_preserves_paid_macro_options (test_controller_semantic_mechanism.SemanticMechanismControllerTests.test_selection_route_cache_preserves_paid_macro_options) ... ok
test_shared_belief_failure_after_paid_accept_poisoning_prevents_retry (test_controller_semantic_mechanism.SemanticMechanismControllerTests.test_shared_belief_failure_after_paid_accept_poisoning_prevents_retry) ... ok
test_actual_changed_depth_changes_structure_evidence (test_observed_residual_v41.ObservedResidualTests.test_actual_changed_depth_changes_structure_evidence) ... ok
test_current_front_plane_residual_prefers_planar (test_observed_residual_v41.ObservedResidualTests.test_current_front_plane_residual_prefers_planar) ... ok
test_horizontal_mount_is_rejected (test_observed_residual_v41.ObservedResidualTests.test_horizontal_mount_is_rejected) ... ok
test_marker_free_without_observed_anchor_is_rejected (test_observed_residual_v41.ObservedResidualTests.test_marker_free_without_observed_anchor_is_rejected) ... ok
test_marker_mask_cannot_escape_current_association (test_observed_residual_v41.ObservedResidualTests.test_marker_mask_cannot_escape_current_association) ... ok
test_masks_hash_shape_and_actual_pixel_membership (test_observed_residual_v41.ObservedResidualTests.test_masks_hash_shape_and_actual_pixel_membership) ... ok
test_missing_depth_is_ignored_not_negative_surface_evidence (test_observed_residual_v41.ObservedResidualTests.test_missing_depth_is_ignored_not_negative_surface_evidence) ... ok
test_missing_pixels_do_not_dilute_measured_residual (test_observed_residual_v41.ObservedResidualTests.test_missing_pixels_do_not_dilute_measured_residual) ... ok
test_near_clipping_inside_overlapping_union_never_exposes_internal_face (test_observed_residual_v41.ObservedResidualTests.test_near_clipping_inside_overlapping_union_never_exposes_internal_face) ... ok
test_nonplanar_marker_is_rejected (test_observed_residual_v41.ObservedResidualTests.test_nonplanar_marker_is_rejected) ... ok
test_packet_point_support_and_frame_hashes_are_enforced (test_observed_residual_v41.ObservedResidualTests.test_packet_point_support_and_frame_hashes_are_enforced) ... ok
test_partial_marker_is_rejected (test_observed_residual_v41.ObservedResidualTests.test_partial_marker_is_rejected) ... ok
test_plane_uses_measured_label_surface_not_object_centre (test_observed_residual_v41.ObservedResidualTests.test_plane_uses_measured_label_surface_not_object_centre) ... ok
test_ray_depth_is_axial_not_radial_at_fov_edge (test_observed_residual_v41.ObservedResidualTests.test_ray_depth_is_axial_not_radial_at_fov_edge) ... ok
test_ray_parallel_inside_outside_and_near_clip (test_observed_residual_v41.ObservedResidualTests.test_ray_parallel_inside_outside_and_near_clip) ... ok
test_real_frontend_current_residual_feedback_integration_and_gs_equality (test_observed_residual_v41.ObservedResidualTests.test_real_frontend_current_residual_feedback_integration_and_gs_equality) ... ok
test_real_frontend_marker_free_measured_support_uses_prior_observed_plane (test_observed_residual_v41.ObservedResidualTests.test_real_frontend_marker_free_measured_support_uses_prior_observed_plane) ... ok
test_repeated_packet_is_rejected (test_observed_residual_v41.ObservedResidualTests.test_repeated_packet_is_rejected) ... ok
test_shared_bank_is_fixed_and_hashes_generic_source (test_observed_residual_v41.ObservedResidualTests.test_shared_bank_is_fixed_and_hashes_generic_source) ... ok
test_all_graph_nodes_and_edges_clear_full_structure_envelopes (test_article_scene_assets_v1.ArticleSceneAssetTests.test_all_graph_nodes_and_edges_clear_full_structure_envelopes) ... ok
test_external_pin_identity_and_corruption_are_rejected (test_article_scene_assets_v1.ArticleSceneAssetTests.test_external_pin_identity_and_corruption_are_rejected) ... ok
test_mesh_ownership_and_readonly_private_arrays (test_article_scene_assets_v1.ArticleSceneAssetTests.test_mesh_ownership_and_readonly_private_arrays) ... ok
test_navigation_is_invariant_to_hidden_class_and_structure_assignment (test_article_scene_assets_v1.ArticleSceneAssetTests.test_navigation_is_invariant_to_hidden_class_and_structure_assignment) ... ok
test_nine_independent_layouts_split_before_any_policy_results (test_article_scene_assets_v1.ArticleSceneAssetTests.test_nine_independent_layouts_split_before_any_policy_results) ... ok
test_pinned_extra_truth_field_cannot_pass_public_schema (test_article_scene_assets_v1.ArticleSceneAssetTests.test_pinned_extra_truth_field_cannot_pass_public_schema) ... ok
test_public_loader_succeeds_with_all_private_files_absent (test_article_scene_assets_v1.ArticleSceneAssetTests.test_public_loader_succeeds_with_all_private_files_absent) ... ok
test_static_frontal_route_witnesses_and_cost_accounting (test_article_scene_assets_v1.ArticleSceneAssetTests.test_static_frontal_route_witnesses_and_cost_accounting) ... ok

----------------------------------------------------------------------
Ran 81 tests in 24.629s

OK
