Reading package lists...
Building dependency tree...
Reading state information...
The following additional packages will be installed:
  autoconf automake autotools-dev default-jdk default-jdk-headless
  default-libmysqlclient-dev gfortran-13 gfortran-13-x86-64-linux-gnu
  hdf5-helpers libaec-dev libaom-dev libarmadillo-dev libarpack2-dev
  libblas-dev libblosc-dev libboost-all-dev libboost-atomic-dev
  libboost-atomic1.83-dev libboost-atomic1.83.0 libboost-chrono-dev
  libboost-chrono1.83-dev libboost-chrono1.83.0t64 libboost-container-dev
  libboost-container1.83-dev libboost-container1.83.0 libboost-context-dev
  libboost-context1.83-dev libboost-context1.83.0 libboost-coroutine-dev
  libboost-coroutine1.83-dev libboost-coroutine1.83.0 libboost-date-time-dev
  libboost-date-time1.83-dev libboost-date-time1.83.0 libboost-dev
  libboost-exception-dev libboost-exception1.83-dev libboost-fiber-dev
  libboost-fiber1.83-dev libboost-fiber1.83.0 libboost-filesystem-dev
  libboost-filesystem1.83-dev libboost-filesystem1.83.0 libboost-graph-dev
  libboost-graph-parallel-dev libboost-graph-parallel1.83-dev
  libboost-graph-parallel1.83.0 libboost-graph1.83-dev libboost-graph1.83.0
  libboost-iostreams-dev libboost-iostreams1.83-dev libboost-iostreams1.83.0
  libboost-json-dev libboost-json1.83-dev libboost-json1.83.0
  libboost-locale-dev libboost-locale1.83-dev libboost-locale1.83.0
  libboost-log-dev libboost-log1.83-dev libboost-log1.83.0 libboost-math-dev
  libboost-math1.83-dev libboost-math1.83.0 libboost-mpi-dev
  libboost-mpi-python-dev libboost-mpi-python1.83-dev
  libboost-mpi-python1.83.0 libboost-mpi1.83-dev libboost-mpi1.83.0
  libboost-nowide-dev libboost-nowide1.83-dev libboost-nowide1.83.0
  libboost-numpy-dev libboost-numpy1.83-dev libboost-numpy1.83.0
  libboost-program-options-dev libboost-program-options1.83-dev
  libboost-program-options1.83.0 libboost-python-dev libboost-python1.83-dev
  libboost-python1.83.0 libboost-random-dev libboost-random1.83-dev
  libboost-random1.83.0 libboost-regex-dev libboost-regex1.83-dev
  libboost-regex1.83.0 libboost-serialization-dev
  libboost-serialization1.83-dev libboost-serialization1.83.0
  libboost-stacktrace-dev libboost-stacktrace1.83-dev
  libboost-stacktrace1.83.0 libboost-system-dev libboost-system1.83-dev
  libboost-system1.83.0 libboost-test-dev libboost-test1.83-dev
  libboost-test1.83.0 libboost-thread-dev libboost-thread1.83-dev
  libboost-thread1.83.0 libboost-timer-dev libboost-timer1.83-dev
  libboost-timer1.83.0 libboost-tools-dev libboost-type-erasure-dev
  libboost-type-erasure1.83-dev libboost-type-erasure1.83.0 libboost-url-dev
  libboost-url1.83-dev libboost-url1.83.0 libboost-wave-dev
  libboost-wave1.83-dev libboost-wave1.83.0 libboost1.83-dev
  libboost1.83-tools-dev libbrotli-dev libbz2-dev libcfitsio-dev
  libclang1-15t64 libcurl4-openssl-dev libdav1d-dev libde265-dev
  libdouble-conversion-dev libevent-2.1-7t64 libevent-dev
  libevent-extra-2.1-7t64 libevent-openssl-2.1-7t64 libflann-dev libflann1.9
  libfontconfig-dev libfontconfig1-dev libfreetype-dev libfreexl-dev
  libfyba-dev libgdal-dev libgeos-dev libgeotiff-dev libgflags-dev
  libgflags2.2 libgfortran-13-dev libgif-dev libgl2ps-dev libglew-dev
  libgoogle-glog0v6t64 libhdf4-alt-dev libhdf5-cpp-103-1t64 libhdf5-dev
  libhdf5-fortran-102t64 libhdf5-hl-cpp-100t64 libhdf5-hl-fortran-100t64
  libhdf5-mpi-dev libhdf5-openmpi-103-1t64 libhdf5-openmpi-cpp-103-1t64
  libhdf5-openmpi-dev libhdf5-openmpi-fortran-102t64 libhdf5-openmpi-hl-100t64
  libhdf5-openmpi-hl-cpp-100t64 libhdf5-openmpi-hl-fortran-100t64 libheif-dev
  libhwloc-dev libhyphen0 libibverbs-dev libice-dev libjson-c-dev
  libjsoncpp-dev libkml-dev libkmlconvenience1t64 libkmlregionator1t64
  libkmlxsd1t64 liblapack-dev libllvm15t64 libltdl-dev liblz4-dev
  libminizip-dev libmysqlclient-dev libnetcdf-dev libnl-3-dev
  libnl-route-3-dev libnuma-dev libnuma1 libodbccr2 libogdi-dev libogg-dev
  libopenjp2-7-dev libopenmpi-dev libopenni-dev libopenni0t64 libopenni2-0
  libopenni2-dev libpcl-apps1.14 libpcl-common1.14 libpcl-features1.14
  libpcl-filters1.14 libpcl-io1.14 libpcl-kdtree1.14 libpcl-keypoints1.14
  libpcl-ml1.14 libpcl-octree1.14 libpcl-outofcore1.14 libpcl-people1.14
  libpcl-recognition1.14 libpcl-registration1.14 libpcl-sample-consensus1.14
  libpcl-search1.14 libpcl-segmentation1.14 libpcl-stereo1.14
  libpcl-surface1.14 libpcl-tracking1.14 libpcl-visualization1.14
  libpcre2-32-0 libpcre2-dev libpcre2-posix3 libpmix-dev libpoppler-dev
  libpoppler-private-dev libpq-dev libproj-dev libqhull-dev libqhull8.0
  libqhullcpp8.0 libqt5designer5 libqt5designercomponents5 libqt5help5
  libqt5positioning5 libqt5sensors5 libqt5webchannel5 libqt5webkit5
  libqt5webkit5-dev librttopo-dev libsm-dev libspatialite-dev libsqlite3-dev
  libsuperlu-dev libtheora-dev libtinyxml2.6.2v5 libtirpc-dev libunwind-dev
  liburiparser-dev libusb-1.0-0-dev libutfcpp-dev libvtk9-dev libvtk9-java
  libvtk9-qt-dev libvtk9.1t64-qt libwoff1 libx265-dev libxerces-c-dev
  libxft-dev libxrender-dev libxss-dev libxt-dev m4 mpi-default-bin
  mpi-default-dev numactl openjdk-21-jdk openjdk-21-jdk-headless openmpi-bin
  openmpi-common python3-mpi4py python3-vtk9 qdoc-qt5 qhelpgenerator-qt5
  qt5-assistant qtattributionsscanner-qt5 qttools5-dev qttools5-dev-tools
  qttools5-private-dev tcl-dev tcl8.6-dev tk tk-dev tk8.6 tk8.6-dev
  unixodbc-dev uuid-dev vtk9
Suggested packages:
  autoconf-archive gnu-standards autoconf-doc libtool gettext
  gfortran-13-multilib gfortran-13-doc libcoarrays-dev libitpp-dev
  liblapack-doc libboost-doc libboost1.83-doc gccxml libboost-contract1.83-dev
  libmpfrc++-dev libntl-dev xsltproc doxygen docbook-xml docbook-xsl fop
  libcurl4-doc libidn-dev libkrb5-dev libldap2-dev librtmp-dev libssh2-1-dev
  libeigen3-doc freetype2-doc libgdal-doc libgeotiff-epsg libhdf5-doc
  libice-doc libtool-doc netcdf-bin netcdf-doc openmpi-doc openni-doc
  openni2-doc libpcl-doc postgresql-doc-16 libsm-doc sqlite3-doc
  libsuperlu-doc vtk9-doc vtk9-examples java-virtual-machine libx265-doc
  libxerces-c-doc libxt-doc m4-doc openjdk-21-demo openjdk-21-source visualvm
  gfortran | fortran-compiler mayavi2 qt5-doc tcl-doc tcl8.6-doc tk-doc
  tk8.6-doc
Recommended packages:
  bzip2-doc libcfitsio-doc libtool libcoarrays-openmpi-dev
  libopenni-sensor-pointclouds0 | libopenni-sensor-primesense0 geoclue-2.0
  libusb-1.0-doc
The following NEW packages will be installed:
  autoconf automake autotools-dev default-jdk default-jdk-headless
  default-libmysqlclient-dev gfortran-13 gfortran-13-x86-64-linux-gnu
  hdf5-helpers libaec-dev libaom-dev libarmadillo-dev libarpack2-dev
  libblas-dev libblosc-dev libboost-all-dev libboost-atomic-dev
  libboost-atomic1.83-dev libboost-atomic1.83.0 libboost-chrono-dev
  libboost-chrono1.83-dev libboost-chrono1.83.0t64 libboost-container-dev
  libboost-container1.83-dev libboost-container1.83.0 libboost-context-dev
  libboost-context1.83-dev libboost-context1.83.0 libboost-coroutine-dev
  libboost-coroutine1.83-dev libboost-coroutine1.83.0 libboost-date-time-dev
  libboost-date-time1.83-dev libboost-date-time1.83.0 libboost-dev
  libboost-exception-dev libboost-exception1.83-dev libboost-fiber-dev
  libboost-fiber1.83-dev libboost-fiber1.83.0 libboost-filesystem-dev
  libboost-filesystem1.83-dev libboost-filesystem1.83.0 libboost-graph-dev
  libboost-graph-parallel-dev libboost-graph-parallel1.83-dev
  libboost-graph-parallel1.83.0 libboost-graph1.83-dev libboost-graph1.83.0
  libboost-iostreams-dev libboost-iostreams1.83-dev libboost-iostreams1.83.0
  libboost-json-dev libboost-json1.83-dev libboost-json1.83.0
  libboost-locale-dev libboost-locale1.83-dev libboost-locale1.83.0
  libboost-log-dev libboost-log1.83-dev libboost-log1.83.0 libboost-math-dev
  libboost-math1.83-dev libboost-math1.83.0 libboost-mpi-dev
  libboost-mpi-python-dev libboost-mpi-python1.83-dev
  libboost-mpi-python1.83.0 libboost-mpi1.83-dev libboost-mpi1.83.0
  libboost-nowide-dev libboost-nowide1.83-dev libboost-nowide1.83.0
  libboost-numpy-dev libboost-numpy1.83-dev libboost-numpy1.83.0
  libboost-program-options-dev libboost-program-options1.83-dev
  libboost-program-options1.83.0 libboost-python-dev libboost-python1.83-dev
  libboost-python1.83.0 libboost-random-dev libboost-random1.83-dev
  libboost-random1.83.0 libboost-regex-dev libboost-regex1.83-dev
  libboost-regex1.83.0 libboost-serialization-dev
  libboost-serialization1.83-dev libboost-serialization1.83.0
  libboost-stacktrace-dev libboost-stacktrace1.83-dev
  libboost-stacktrace1.83.0 libboost-system-dev libboost-system1.83-dev
  libboost-system1.83.0 libboost-test-dev libboost-test1.83-dev
  libboost-test1.83.0 libboost-thread-dev libboost-thread1.83-dev
  libboost-thread1.83.0 libboost-timer-dev libboost-timer1.83-dev
  libboost-timer1.83.0 libboost-tools-dev libboost-type-erasure-dev
  libboost-type-erasure1.83-dev libboost-type-erasure1.83.0 libboost-url-dev
  libboost-url1.83-dev libboost-url1.83.0 libboost-wave-dev
  libboost-wave1.83-dev libboost-wave1.83.0 libboost1.83-dev
  libboost1.83-tools-dev libbrotli-dev libbz2-dev libcfitsio-dev
  libclang1-15t64 libcurl4-openssl-dev libdav1d-dev libde265-dev
  libdouble-conversion-dev libeigen3-dev libevent-2.1-7t64 libevent-dev
  libevent-extra-2.1-7t64 libevent-openssl-2.1-7t64 libflann-dev libflann1.9
  libfontconfig-dev libfontconfig1-dev libfreetype-dev libfreexl-dev
  libfyba-dev libgdal-dev libgeos-dev libgeotiff-dev libgflags-dev
  libgflags2.2 libgfortran-13-dev libgif-dev libgl2ps-dev libglew-dev
  libgoogle-glog-dev libgoogle-glog0v6t64 libhdf4-alt-dev libhdf5-cpp-103-1t64
  libhdf5-dev libhdf5-fortran-102t64 libhdf5-hl-cpp-100t64
  libhdf5-hl-fortran-100t64 libhdf5-mpi-dev libhdf5-openmpi-103-1t64
  libhdf5-openmpi-cpp-103-1t64 libhdf5-openmpi-dev
  libhdf5-openmpi-fortran-102t64 libhdf5-openmpi-hl-100t64
  libhdf5-openmpi-hl-cpp-100t64 libhdf5-openmpi-hl-fortran-100t64 libheif-dev
  libhwloc-dev libhyphen0 libibverbs-dev libice-dev libjson-c-dev
  libjsoncpp-dev libkml-dev libkmlconvenience1t64 libkmlregionator1t64
  libkmlxsd1t64 liblapack-dev libllvm15t64 libltdl-dev liblz4-dev
  libminizip-dev libmysqlclient-dev libnetcdf-dev libnl-3-dev
  libnl-route-3-dev libnuma-dev libodbccr2 libogdi-dev libogg-dev
  libopenjp2-7-dev libopenmpi-dev libopenni-dev libopenni0t64 libopenni2-0
  libopenni2-dev libpcl-apps1.14 libpcl-common1.14 libpcl-dev
  libpcl-features1.14 libpcl-filters1.14 libpcl-io1.14 libpcl-kdtree1.14
  libpcl-keypoints1.14 libpcl-ml1.14 libpcl-octree1.14 libpcl-outofcore1.14
  libpcl-people1.14 libpcl-recognition1.14 libpcl-registration1.14
  libpcl-sample-consensus1.14 libpcl-search1.14 libpcl-segmentation1.14
  libpcl-stereo1.14 libpcl-surface1.14 libpcl-tracking1.14
  libpcl-visualization1.14 libpcre2-32-0 libpcre2-dev libpcre2-posix3
  libpmix-dev libpoppler-dev libpoppler-private-dev libpq-dev libproj-dev
  libqhull-dev libqhull8.0 libqhullcpp8.0 libqt5designer5
  libqt5designercomponents5 libqt5help5 libqt5positioning5 libqt5sensors5
  libqt5webchannel5 libqt5webkit5 libqt5webkit5-dev librttopo-dev libsm-dev
  libspatialite-dev libsqlite3-dev libsuperlu-dev libtheora-dev
  libtinyxml2.6.2v5 libtirpc-dev libunwind-dev liburiparser-dev
  libusb-1.0-0-dev libutfcpp-dev libvtk9-dev libvtk9-java libvtk9-qt-dev
  libvtk9.1t64-qt libwoff1 libx265-dev libxerces-c-dev libxft-dev
  libxrender-dev libxss-dev libxt-dev m4 mpi-default-bin mpi-default-dev
  openjdk-21-jdk openjdk-21-jdk-headless openmpi-bin openmpi-common
  python3-mpi4py python3-vtk9 qdoc-qt5 qhelpgenerator-qt5 qt5-assistant
  qtattributionsscanner-qt5 qttools5-dev qttools5-dev-tools
  qttools5-private-dev tcl-dev tcl8.6-dev tk tk-dev tk8.6 tk8.6-dev
  unixodbc-dev uuid-dev vtk9
The following packages will be upgraded:
  libnuma1 numactl
2 upgraded, 281 newly installed, 0 to remove and 73 not upgraded.
Inst libhyphen0 (2.8.8-7build3 Ubuntu:24.04/noble [amd64])
Inst libqt5positioning5 (5.15.13+dfsg-1 Ubuntu:24.04/noble [amd64])
Inst libqt5sensors5 (5.15.13-1 Ubuntu:24.04/noble [amd64])
Inst libqt5webchannel5 (5.15.13-1 Ubuntu:24.04/noble [amd64])
Inst libwoff1 (1.0.2-2build1 Ubuntu:24.04/noble [amd64])
Inst libqt5webkit5 (5.212.0~alpha4-36 Ubuntu:24.04/noble [amd64])
Inst libqt5webkit5-dev (5.212.0~alpha4-36 Ubuntu:24.04/noble [amd64])
Inst libnuma1 [2.0.18-1build1] (2.0.18-1ubuntu0.24.04.1 Ubuntu:24.04/noble-updates [amd64])
Inst numactl [2.0.18-1build1] (2.0.18-1ubuntu0.24.04.1 Ubuntu:24.04/noble-updates [amd64])
Inst m4 (1.4.19-4build1 Ubuntu:24.04/noble [amd64])
Inst autoconf (2.71-3 Ubuntu:24.04/noble [all])
Inst autotools-dev (20220109.1 Ubuntu:24.04/noble [all])
Inst automake (1:1.16.5-1.3ubuntu1 Ubuntu:24.04/noble [all])
Inst openjdk-21-jdk-headless (21.0.12+8-1~24.04 Ubuntu:24.04/noble-updates, Ubuntu:24.04/noble-security [amd64])
Inst default-jdk-headless (2:1.21-75+exp1 Ubuntu:24.04/noble [amd64])
Inst openjdk-21-jdk (21.0.12+8-1~24.04 Ubuntu:24.04/noble-updates, Ubuntu:24.04/noble-security [amd64])
Inst default-jdk (2:1.21-75+exp1 Ubuntu:24.04/noble [amd64])
Inst libmysqlclient-dev (8.0.46-0ubuntu0.24.04.4 Ubuntu:24.04/noble-updates, Ubuntu:24.04/noble-security [amd64])
Inst default-libmysqlclient-dev (1.1.0build1 Ubuntu:24.04/noble [amd64])
Inst libgfortran-13-dev (13.3.0-6ubuntu2~24.04.1 Ubuntu:24.04/noble-updates, Ubuntu:24.04/noble-security [amd64])
Inst gfortran-13-x86-64-linux-gnu (13.3.0-6ubuntu2~24.04.1 Ubuntu:24.04/noble-updates, Ubuntu:24.04/noble-security [amd64])
Inst gfortran-13 (13.3.0-6ubuntu2~24.04.1 Ubuntu:24.04/noble-updates, Ubuntu:24.04/noble-security [amd64])
Inst hdf5-helpers (1.10.10+repack-3.1ubuntu4 Ubuntu:24.04/noble [amd64])
Inst libaom-dev (3.8.2-2ubuntu0.1 Ubuntu:24.04/noble-updates, Ubuntu:24.04/noble-security [amd64])
Inst libblas-dev (3.12.0-3build1.1 Ubuntu:24.04/noble-updates [amd64])
Inst liblapack-dev (3.12.0-3build1.1 Ubuntu:24.04/noble-updates [amd64])
Inst libarpack2-dev (3.9.1-1.1build2 Ubuntu:24.04/noble [amd64])
Inst libhdf5-fortran-102t64 (1.10.10+repack-3.1ubuntu4 Ubuntu:24.04/noble [amd64])
Inst libhdf5-hl-fortran-100t64 (1.10.10+repack-3.1ubuntu4 Ubuntu:24.04/noble [amd64])
Inst libhdf5-cpp-103-1t64 (1.10.10+repack-3.1ubuntu4 Ubuntu:24.04/noble [amd64])
Inst libhdf5-hl-cpp-100t64 (1.10.10+repack-3.1ubuntu4 Ubuntu:24.04/noble [amd64])
Inst libaec-dev (1.1.2-1build1 Ubuntu:24.04/noble [amd64])
Inst libcurl4-openssl-dev (8.5.0-2ubuntu10.13 Ubuntu:24.04/noble-updates, Ubuntu:24.04/noble-security [amd64])
Inst libhdf5-dev (1.10.10+repack-3.1ubuntu4 Ubuntu:24.04/noble [amd64])
Inst libsuperlu-dev (6.0.1+dfsg1-1build1 Ubuntu:24.04/noble [amd64])
Inst libarmadillo-dev (1:12.6.7+dfsg-1build2 Ubuntu:24.04/noble [amd64])
Inst libblosc-dev (1.21.5+ds-1build1 Ubuntu:24.04/noble [amd64])
Inst libboost1.83-dev (1.83.0-2.1ubuntu3.2 Ubuntu:24.04/noble-updates [amd64])
Inst libboost-dev (1.83.0.1ubuntu2 Ubuntu:24.04/noble [amd64])
Inst libboost1.83-tools-dev (1.83.0-2.1ubuntu3.2 Ubuntu:24.04/noble-updates [amd64])
Inst libboost-tools-dev (1.83.0.1ubuntu2 Ubuntu:24.04/noble [amd64])
Inst libboost-atomic1.83.0 (1.83.0-2.1ubuntu3.2 Ubuntu:24.04/noble-updates [amd64])
Inst libboost-atomic1.83-dev (1.83.0-2.1ubuntu3.2 Ubuntu:24.04/noble-updates [amd64])
Inst libboost-atomic-dev (1.83.0.1ubuntu2 Ubuntu:24.04/noble [amd64])
Inst libboost-chrono1.83.0t64 (1.83.0-2.1ubuntu3.2 Ubuntu:24.04/noble-updates [amd64])
Inst libboost-chrono1.83-dev (1.83.0-2.1ubuntu3.2 Ubuntu:24.04/noble-updates [amd64])
Inst libboost-chrono-dev (1.83.0.1ubuntu2 Ubuntu:24.04/noble [amd64])
Inst libboost-container1.83.0 (1.83.0-2.1ubuntu3.2 Ubuntu:24.04/noble-updates [amd64])
Inst libboost-container1.83-dev (1.83.0-2.1ubuntu3.2 Ubuntu:24.04/noble-updates [amd64])
Inst libboost-container-dev (1.83.0.1ubuntu2 Ubuntu:24.04/noble [amd64])
Inst libboost-date-time1.83.0 (1.83.0-2.1ubuntu3.2 Ubuntu:24.04/noble-updates [amd64])
Inst libboost-serialization1.83.0 (1.83.0-2.1ubuntu3.2 Ubuntu:24.04/noble-updates [amd64])
Inst libboost-serialization1.83-dev (1.83.0-2.1ubuntu3.2 Ubuntu:24.04/noble-updates [amd64])
Inst libboost-date-time1.83-dev (1.83.0-2.1ubuntu3.2 Ubuntu:24.04/noble-updates [amd64])
Inst libboost-system1.83.0 (1.83.0-2.1ubuntu3.2 Ubuntu:24.04/noble-updates [amd64])
Inst libboost-system1.83-dev (1.83.0-2.1ubuntu3.2 Ubuntu:24.04/noble-updates [amd64])
Inst libboost-thread1.83.0 (1.83.0-2.1ubuntu3.2 Ubuntu:24.04/noble-updates [amd64])
Inst libboost-thread1.83-dev (1.83.0-2.1ubuntu3.2 Ubuntu:24.04/noble-updates [amd64])
Inst libboost-context1.83.0 (1.83.0-2.1ubuntu3.2 Ubuntu:24.04/noble-updates [amd64])
Inst libboost-context1.83-dev (1.83.0-2.1ubuntu3.2 Ubuntu:24.04/noble-updates [amd64])
Inst libboost-context-dev (1.83.0.1ubuntu2 Ubuntu:24.04/noble [amd64])
Inst libboost-coroutine1.83.0 (1.83.0-2.1ubuntu3.2 Ubuntu:24.04/noble-updates [amd64])
Inst libboost-coroutine1.83-dev (1.83.0-2.1ubuntu3.2 Ubuntu:24.04/noble-updates [amd64])
Inst libboost-coroutine-dev (1.83.0.1ubuntu2 Ubuntu:24.04/noble [amd64])
Inst libboost-date-time-dev (1.83.0.1ubuntu2 Ubuntu:24.04/noble [amd64])
Inst libboost-exception1.83-dev (1.83.0-2.1ubuntu3.2 Ubuntu:24.04/noble-updates [amd64])
Inst libboost-exception-dev (1.83.0.1ubuntu2 Ubuntu:24.04/noble [amd64])
Inst libboost-filesystem1.83.0 (1.83.0-2.1ubuntu3.2 Ubuntu:24.04/noble-updates [amd64])
Inst libboost-filesystem1.83-dev (1.83.0-2.1ubuntu3.2 Ubuntu:24.04/noble-updates [amd64])
Inst libboost-fiber1.83.0 (1.83.0-2.1ubuntu3.2 Ubuntu:24.04/noble-updates [amd64])
Inst libboost-fiber1.83-dev (1.83.0-2.1ubuntu3.2 Ubuntu:24.04/noble-updates [amd64])
Inst libboost-fiber-dev (1.83.0.1ubuntu2 Ubuntu:24.04/noble [amd64])
Inst libboost-filesystem-dev (1.83.0.1ubuntu2 Ubuntu:24.04/noble [amd64])
Inst libboost-graph1.83.0 (1.83.0-2.1ubuntu3.2 Ubuntu:24.04/noble-updates [amd64])
Inst libboost-regex1.83.0 (1.83.0-2.1ubuntu3.2 Ubuntu:24.04/noble-updates [amd64])
Inst libboost-regex1.83-dev (1.83.0-2.1ubuntu3.2 Ubuntu:24.04/noble-updates [amd64])
Inst libboost-test1.83.0 (1.83.0-2.1ubuntu3.2 Ubuntu:24.04/noble-updates [amd64])
Inst libboost-test1.83-dev (1.83.0-2.1ubuntu3.2 Ubuntu:24.04/noble-updates [amd64])
Inst libboost-graph1.83-dev (1.83.0-2.1ubuntu3.2 Ubuntu:24.04/noble-updates [amd64])
Inst libboost-graph-dev (1.83.0.1ubuntu2 Ubuntu:24.04/noble [amd64])
Inst libboost-mpi1.83.0 (1.83.0-2.1ubuntu3.2 Ubuntu:24.04/noble-updates [amd64])
Inst libboost-graph-parallel1.83.0 (1.83.0-2.1ubuntu3.2 Ubuntu:24.04/noble-updates [amd64])
Inst libboost-graph-parallel1.83-dev (1.83.0-2.1ubuntu3.2 Ubuntu:24.04/noble-updates [amd64])
Inst libboost-graph-parallel-dev (1.83.0.1ubuntu2 Ubuntu:24.04/noble [amd64])
Inst libboost-iostreams1.83.0 (1.83.0-2.1ubuntu3.2 Ubuntu:24.04/noble-updates [amd64])
Inst libboost-iostreams1.83-dev (1.83.0-2.1ubuntu3.2 Ubuntu:24.04/noble-updates [amd64])
Inst libboost-iostreams-dev (1.83.0.1ubuntu2 Ubuntu:24.04/noble [amd64])
Inst libboost-json1.83.0 (1.83.0-2.1ubuntu3.2 Ubuntu:24.04/noble-updates [amd64])
Inst libboost-json1.83-dev (1.83.0-2.1ubuntu3.2 Ubuntu:24.04/noble-updates [amd64])
Inst libboost-json-dev (1.83.0.1ubuntu2 Ubuntu:24.04/noble [amd64])
Inst libboost-locale1.83.0 (1.83.0-2.1ubuntu3.2 Ubuntu:24.04/noble-updates [amd64])
Inst libboost-locale1.83-dev (1.83.0-2.1ubuntu3.2 Ubuntu:24.04/noble-updates [amd64])
Inst libboost-locale-dev (1.83.0.1ubuntu2 Ubuntu:24.04/noble [amd64])
Inst libboost-log1.83.0 (1.83.0-2.1ubuntu3.2 Ubuntu:24.04/noble-updates [amd64])
Inst libboost-log1.83-dev (1.83.0-2.1ubuntu3.2 Ubuntu:24.04/noble-updates [amd64])
Inst libboost-log-dev (1.83.0.1ubuntu2 Ubuntu:24.04/noble [amd64])
Inst libboost-math1.83.0 (1.83.0-2.1ubuntu3.2 Ubuntu:24.04/noble-updates [amd64])
Inst libboost-math1.83-dev (1.83.0-2.1ubuntu3.2 Ubuntu:24.04/noble-updates [amd64])
Inst libboost-math-dev (1.83.0.1ubuntu2 Ubuntu:24.04/noble [amd64])
Inst openmpi-common (4.1.6-7ubuntu2 Ubuntu:24.04/noble [all])
Inst libnl-3-dev (3.7.0-0.3build1.1 Ubuntu:24.04/noble-updates [amd64])
Inst libnl-route-3-dev (3.7.0-0.3build1.1 Ubuntu:24.04/noble-updates [amd64])
Inst libibverbs-dev (50.0-2ubuntu0.2 Ubuntu:24.04/noble-updates [amd64])
Inst libnuma-dev (2.0.18-1ubuntu0.24.04.1 Ubuntu:24.04/noble-updates [amd64])
Inst libltdl-dev (2.4.7-7build1 Ubuntu:24.04/noble [amd64])
Inst libhwloc-dev (2.10.0-1build1 Ubuntu:24.04/noble [amd64])
Inst libevent-2.1-7t64 (2.1.12-stable-9ubuntu2.1 Ubuntu:24.04/noble-updates, Ubuntu:24.04/noble-security [amd64])
Inst libevent-extra-2.1-7t64 (2.1.12-stable-9ubuntu2.1 Ubuntu:24.04/noble-updates, Ubuntu:24.04/noble-security [amd64])
Inst libevent-openssl-2.1-7t64 (2.1.12-stable-9ubuntu2.1 Ubuntu:24.04/noble-updates, Ubuntu:24.04/noble-security [amd64])
Inst libevent-dev (2.1.12-stable-9ubuntu2.1 Ubuntu:24.04/noble-updates, Ubuntu:24.04/noble-security [amd64])
Inst libpmix-dev (5.0.1-4.1build1 Ubuntu:24.04/noble [amd64])
Inst openmpi-bin (4.1.6-7ubuntu2 Ubuntu:24.04/noble [amd64])
Inst libopenmpi-dev (4.1.6-7ubuntu2 Ubuntu:24.04/noble [amd64])
Inst mpi-default-dev (1.15build1 Ubuntu:24.04/noble [amd64])
Inst libboost-mpi1.83-dev (1.83.0-2.1ubuntu3.2 Ubuntu:24.04/noble-updates [amd64])
Inst libboost-mpi-dev (1.83.0.1ubuntu2 Ubuntu:24.04/noble [amd64])
Inst libboost-python1.83.0 (1.83.0-2.1ubuntu3.2 Ubuntu:24.04/noble-updates [amd64])
Inst mpi-default-bin (1.15build1 Ubuntu:24.04/noble [amd64])
Inst libboost-mpi-python1.83.0 (1.83.0-2.1ubuntu3.2 Ubuntu:24.04/noble-updates [amd64])
Inst libboost-mpi-python1.83-dev (1.83.0-2.1ubuntu3.2 Ubuntu:24.04/noble-updates [amd64])
Inst libboost-mpi-python-dev (1.83.0.1ubuntu2 Ubuntu:24.04/noble [amd64])
Inst libboost-numpy1.83.0 (1.83.0-2.1ubuntu3.2 Ubuntu:24.04/noble-updates [amd64])
Inst libboost-numpy1.83-dev (1.83.0-2.1ubuntu3.2 Ubuntu:24.04/noble-updates [amd64])
Inst libboost-numpy-dev (1.83.0.1ubuntu2 Ubuntu:24.04/noble [amd64])
Inst libboost-program-options1.83.0 (1.83.0-2.1ubuntu3.2 Ubuntu:24.04/noble-updates [amd64])
Inst libboost-program-options1.83-dev (1.83.0-2.1ubuntu3.2 Ubuntu:24.04/noble-updates [amd64])
Inst libboost-program-options-dev (1.83.0.1ubuntu2 Ubuntu:24.04/noble [amd64])
Inst libboost-python1.83-dev (1.83.0-2.1ubuntu3.2 Ubuntu:24.04/noble-updates [amd64])
Inst libboost-python-dev (1.83.0.1ubuntu2 Ubuntu:24.04/noble [amd64])
Inst libboost-random1.83.0 (1.83.0-2.1ubuntu3.2 Ubuntu:24.04/noble-updates [amd64])
Inst libboost-random1.83-dev (1.83.0-2.1ubuntu3.2 Ubuntu:24.04/noble-updates [amd64])
Inst libboost-random-dev (1.83.0.1ubuntu2 Ubuntu:24.04/noble [amd64])
Inst libboost-regex-dev (1.83.0.1ubuntu2 Ubuntu:24.04/noble [amd64])
Inst libboost-serialization-dev (1.83.0.1ubuntu2 Ubuntu:24.04/noble [amd64])
Inst libboost-stacktrace1.83.0 (1.83.0-2.1ubuntu3.2 Ubuntu:24.04/noble-updates [amd64])
Inst libboost-stacktrace1.83-dev (1.83.0-2.1ubuntu3.2 Ubuntu:24.04/noble-updates [amd64])
Inst libboost-stacktrace-dev (1.83.0.1ubuntu2 Ubuntu:24.04/noble [amd64])
Inst libboost-system-dev (1.83.0.1ubuntu2 Ubuntu:24.04/noble [amd64])
Inst libboost-test-dev (1.83.0.1ubuntu2 Ubuntu:24.04/noble [amd64])
Inst libboost-thread-dev (1.83.0.1ubuntu2 Ubuntu:24.04/noble [amd64])
Inst libboost-timer1.83.0 (1.83.0-2.1ubuntu3.2 Ubuntu:24.04/noble-updates [amd64])
Inst libboost-timer1.83-dev (1.83.0-2.1ubuntu3.2 Ubuntu:24.04/noble-updates [amd64])
Inst libboost-timer-dev (1.83.0.1ubuntu2 Ubuntu:24.04/noble [amd64])
Inst libboost-type-erasure1.83.0 (1.83.0-2.1ubuntu3.2 Ubuntu:24.04/noble-updates [amd64])
Inst libboost-type-erasure1.83-dev (1.83.0-2.1ubuntu3.2 Ubuntu:24.04/noble-updates [amd64])
Inst libboost-type-erasure-dev (1.83.0.1ubuntu2 Ubuntu:24.04/noble [amd64])
Inst libboost-url1.83.0 (1.83.0-2.1ubuntu3.2 Ubuntu:24.04/noble-updates [amd64])
Inst libboost-url1.83-dev (1.83.0-2.1ubuntu3.2 Ubuntu:24.04/noble-updates [amd64])
Inst libboost-url-dev (1.83.0.1ubuntu2 Ubuntu:24.04/noble [amd64])
Inst libboost-wave1.83.0 (1.83.0-2.1ubuntu3.2 Ubuntu:24.04/noble-updates [amd64])
Inst libboost-wave1.83-dev (1.83.0-2.1ubuntu3.2 Ubuntu:24.04/noble-updates [amd64])
Inst libboost-wave-dev (1.83.0.1ubuntu2 Ubuntu:24.04/noble [amd64])
Inst libboost-nowide1.83.0 (1.83.0-2.1ubuntu3.2 Ubuntu:24.04/noble-updates [amd64])
Inst libboost-nowide1.83-dev (1.83.0-2.1ubuntu3.2 Ubuntu:24.04/noble-updates [amd64])
Inst libboost-nowide-dev (1.83.0.1ubuntu2 Ubuntu:24.04/noble [amd64])
Inst libboost-all-dev (1.83.0.1ubuntu2 Ubuntu:24.04/noble [amd64])
Inst libbrotli-dev (1.1.0-2build2 Ubuntu:24.04/noble [amd64])
Inst libbz2-dev (1.0.8-5.1ubuntu0.1 Ubuntu:24.04/noble-updates, Ubuntu:24.04/noble-security [amd64])
Inst libcfitsio-dev (4.3.1-1.1build2 Ubuntu:24.04/noble [amd64])
Inst libllvm15t64 (1:15.0.7-14build3 Ubuntu:24.04/noble [amd64])
Inst libclang1-15t64 (1:15.0.7-14build3 Ubuntu:24.04/noble [amd64])
Inst libdav1d-dev (1.4.1-1build1 Ubuntu:24.04/noble [amd64])
Inst libde265-dev (1.0.15-1ubuntu0.1 Ubuntu:24.04/noble-updates, Ubuntu:24.04/noble-security [amd64])
Inst libflann1.9 (1.9.2+dfsg-2build1 Ubuntu:24.04/noble [amd64])
Inst libhdf5-openmpi-103-1t64 (1.10.10+repack-3.1ubuntu4 Ubuntu:24.04/noble [amd64])
Inst libhdf5-openmpi-fortran-102t64 (1.10.10+repack-3.1ubuntu4 Ubuntu:24.04/noble [amd64])
Inst libhdf5-openmpi-hl-100t64 (1.10.10+repack-3.1ubuntu4 Ubuntu:24.04/noble [amd64])
Inst libhdf5-openmpi-hl-fortran-100t64 (1.10.10+repack-3.1ubuntu4 Ubuntu:24.04/noble [amd64])
Inst libhdf5-openmpi-cpp-103-1t64 (1.10.10+repack-3.1ubuntu4 Ubuntu:24.04/noble [amd64])
Inst libhdf5-openmpi-hl-cpp-100t64 (1.10.10+repack-3.1ubuntu4 Ubuntu:24.04/noble [amd64])
Inst libhdf5-openmpi-dev (1.10.10+repack-3.1ubuntu4 Ubuntu:24.04/noble [amd64])
Inst libhdf5-mpi-dev (1.10.10+repack-3.1ubuntu4 Ubuntu:24.04/noble [amd64])
Inst liblz4-dev (1.9.4-1build1.1 Ubuntu:24.04/noble-updates [amd64])
Inst libflann-dev (1.9.2+dfsg-2build1 Ubuntu:24.04/noble [amd64])
Inst libfreetype-dev (2.13.2+dfsg-1ubuntu0.1 Ubuntu:24.04/noble-updates, Ubuntu:24.04/noble-security [amd64])
Inst uuid-dev (2.39.3-9ubuntu6.6 Ubuntu:24.04/noble-updates, Ubuntu:24.04/noble-security [amd64])
Inst libfontconfig-dev (2.15.0-1.1ubuntu2 Ubuntu:24.04/noble [amd64])
Inst libfontconfig1-dev (2.15.0-1.1ubuntu2 Ubuntu:24.04/noble [amd64])
Inst libfyba-dev (4.1.1-11build1 Ubuntu:24.04/noble [amd64])
Inst libgeos-dev (3.12.1-3build1 Ubuntu:24.04/noble [amd64])
Inst libgflags2.2 (2.2.2-2build1 Ubuntu:24.04/noble [amd64])
Inst libgflags-dev (2.2.2-2build1 Ubuntu:24.04/noble [amd64])
Inst libgif-dev (5.2.2-1ubuntu1.2 Ubuntu:24.04/noble-updates, Ubuntu:24.04/noble-security [amd64])
Inst libgl2ps-dev (1.4.2+dfsg1-2build1 Ubuntu:24.04/noble [amd64])
Inst libglew-dev (2.2.0-4build1 Ubuntu:24.04/noble [amd64])
Inst libgoogle-glog0v6t64 (0.6.0-2.1build1 Ubuntu:24.04/noble [amd64])
Inst libunwind-dev (1.6.2-3build1.1 Ubuntu:24.04/noble-updates [amd64])
Inst libgoogle-glog-dev (0.6.0-2.1build1 Ubuntu:24.04/noble [amd64])
Inst libx265-dev (3.5-2build1 Ubuntu:24.04/noble [amd64])
Inst libheif-dev (1.17.6-1ubuntu4.8 Ubuntu:24.04/noble-updates, Ubuntu:24.04/noble-security [amd64])
Inst libice-dev (2:1.0.10-1build3 Ubuntu:24.04/noble [amd64])
Inst libkmlconvenience1t64 (1.3.0-12build1 Ubuntu:24.04/noble [amd64])
Inst libkmlregionator1t64 (1.3.0-12build1 Ubuntu:24.04/noble [amd64])
Inst libkmlxsd1t64 (1.3.0-12build1 Ubuntu:24.04/noble [amd64])
Inst libminizip-dev (1:1.3.dfsg-3.1ubuntu2.2 Ubuntu:24.04/noble-updates, Ubuntu:24.04/noble-security [amd64])
Inst libnetcdf-dev (1:4.9.2-5ubuntu4 Ubuntu:24.04/noble [amd64])
Inst libodbccr2 (2.3.12-1ubuntu0.24.04.1 Ubuntu:24.04/noble-updates, Ubuntu:24.04/noble-security [amd64])
Inst libtirpc-dev (1.3.4+ds-1.1build1 Ubuntu:24.04/noble [amd64])
Inst libogdi-dev (4.1.1+ds-3build1 Ubuntu:24.04/noble [amd64])
Inst libogg-dev (1.3.5-3build1 Ubuntu:24.04/noble [amd64])
Inst libtinyxml2.6.2v5 (2.6.2-6.1 Ubuntu:24.04/noble [amd64])
Inst libopenni0t64 (1.5.4.0+dfsg-7.1build1 Ubuntu:24.04/noble [amd64])
Inst libopenni-dev (1.5.4.0+dfsg-7.1build1 Ubuntu:24.04/noble [amd64])
Inst libopenni2-0 (2.2.0.33+dfsg-18 Ubuntu:24.04/noble [amd64])
Inst libopenni2-dev (2.2.0.33+dfsg-18 Ubuntu:24.04/noble [amd64])
Inst libpcl-common1.14 (1.14.0+dfsg-1 Ubuntu:24.04/noble [amd64])
Inst libpcl-kdtree1.14 (1.14.0+dfsg-1 Ubuntu:24.04/noble [amd64])
Inst libpcl-octree1.14 (1.14.0+dfsg-1 Ubuntu:24.04/noble [amd64])
Inst libpcl-sample-consensus1.14 (1.14.0+dfsg-1 Ubuntu:24.04/noble [amd64])
Inst libpcl-search1.14 (1.14.0+dfsg-1 Ubuntu:24.04/noble [amd64])
Inst libpcl-filters1.14 (1.14.0+dfsg-1 Ubuntu:24.04/noble [amd64])
Inst libpcl-features1.14 (1.14.0+dfsg-1 Ubuntu:24.04/noble [amd64])
Inst libpcl-ml1.14 (1.14.0+dfsg-1 Ubuntu:24.04/noble [amd64])
Inst libpcl-segmentation1.14 (1.14.0+dfsg-1 Ubuntu:24.04/noble [amd64])
Inst libpcl-surface1.14 (1.14.0+dfsg-1 Ubuntu:24.04/noble [amd64])
Inst libpcl-apps1.14 (1.14.0+dfsg-1 Ubuntu:24.04/noble [amd64])
Inst libpcl-io1.14 (1.14.0+dfsg-1 Ubuntu:24.04/noble [amd64])
Inst libpcl-keypoints1.14 (1.14.0+dfsg-1 Ubuntu:24.04/noble [amd64])
Inst libpcl-outofcore1.14 (1.14.0+dfsg-1 Ubuntu:24.04/noble [amd64])
Inst libpcl-people1.14 (1.14.0+dfsg-1 Ubuntu:24.04/noble [amd64])
Inst libpcl-registration1.14 (1.14.0+dfsg-1 Ubuntu:24.04/noble [amd64])
Inst libpcl-recognition1.14 (1.14.0+dfsg-1 Ubuntu:24.04/noble [amd64])
Inst libpcl-stereo1.14 (1.14.0+dfsg-1 Ubuntu:24.04/noble [amd64])
Inst libpcl-tracking1.14 (1.14.0+dfsg-1 Ubuntu:24.04/noble [amd64])
Inst libpcl-visualization1.14 (1.14.0+dfsg-1 Ubuntu:24.04/noble [amd64])
Inst libpcre2-32-0 (10.42-4ubuntu2.1 Ubuntu:24.04/noble-updates [amd64])
Inst libpcre2-posix3 (10.42-4ubuntu2.1 Ubuntu:24.04/noble-updates [amd64])
Inst libpcre2-dev (10.42-4ubuntu2.1 Ubuntu:24.04/noble-updates [amd64])
Inst libpoppler-dev (24.02.0-1ubuntu9.9 Ubuntu:24.04/noble-updates, Ubuntu:24.04/noble-security [amd64])
Inst libpoppler-private-dev (24.02.0-1ubuntu9.9 Ubuntu:24.04/noble-updates, Ubuntu:24.04/noble-security [amd64])
Inst libpq-dev (16.15-0ubuntu0.24.04.1 Ubuntu:24.04/noble-updates, Ubuntu:24.04/noble-security [amd64])
Inst libqhull8.0 (2020.2-6build1 Ubuntu:24.04/noble [amd64])
Inst libqhullcpp8.0 (2020.2-6build1 Ubuntu:24.04/noble [amd64])
Inst libqhull-dev (2020.2-6build1 Ubuntu:24.04/noble [amd64])
Inst libqt5designer5 (5.15.13-1 Ubuntu:24.04/noble [amd64])
Inst libqt5designercomponents5 (5.15.13-1 Ubuntu:24.04/noble [amd64])
Inst libqt5help5 (5.15.13-1 Ubuntu:24.04/noble [amd64])
Inst librttopo-dev (1.1.0-3build2 Ubuntu:24.04/noble [amd64])
Inst libsm-dev (2:1.2.3-1build3 Ubuntu:24.04/noble [amd64])
Inst libsqlite3-dev (3.45.1-1ubuntu2.7 Ubuntu:24.04/noble-updates, Ubuntu:24.04/noble-security [amd64])
Inst libtheora-dev (1.1.1+dfsg.1-16.1build3 Ubuntu:24.04/noble [amd64])
Inst liburiparser-dev (0.9.7+dfsg-2build1 Ubuntu:24.04/noble [amd64])
Inst libusb-1.0-0-dev (2:1.0.27-1 Ubuntu:24.04/noble [amd64])
Inst libutfcpp-dev (3.2.5+really3.2.4-1 Ubuntu:24.04/noble [all])
Inst libdouble-conversion-dev (3.3.0-1build1 Ubuntu:24.04/noble [amd64])
Inst libeigen3-dev (3.4.0-4build0.1 Ubuntu:24.04/noble-updates [all])
Inst libfreexl-dev (2.0.0-1build2 Ubuntu:24.04/noble [amd64])
Inst libproj-dev (9.4.0-1build2 Ubuntu:24.04/noble [amd64])
Inst libgeotiff-dev (1.7.1-5build1 Ubuntu:24.04/noble [amd64])
Inst libhdf4-alt-dev (4.2.16-4build1 Ubuntu:24.04/noble [amd64])
Inst libjson-c-dev (0.17-1build1 Ubuntu:24.04/noble [amd64])
Inst libkml-dev (1.3.0-12build1 Ubuntu:24.04/noble [amd64])
Inst libopenjp2-7-dev (2.5.0-2ubuntu0.5 Ubuntu:24.04/noble-updates, Ubuntu:24.04/noble-security [amd64])
Inst libspatialite-dev (5.1.0-3build1 Ubuntu:24.04/noble [amd64])
Inst libxerces-c-dev (3.2.4+debian-1.2ubuntu2 Ubuntu:24.04/noble [amd64])
Inst unixodbc-dev (2.3.12-1ubuntu0.24.04.1 Ubuntu:24.04/noble-updates, Ubuntu:24.04/noble-security [amd64])
Inst libgdal-dev (3.8.4+dfsg-3ubuntu3 Ubuntu:24.04/noble [amd64])
Inst libjsoncpp-dev (1.9.5-6build1 Ubuntu:24.04/noble [amd64])
Inst libvtk9.1t64-qt (9.1.0+really9.1.0+dfsg2-7.1build3 Ubuntu:24.04/noble [amd64])
Inst libvtk9-java (9.1.0+really9.1.0+dfsg2-7.1build3 Ubuntu:24.04/noble [amd64])
Inst libxrender-dev (1:0.9.10-1.1build1 Ubuntu:24.04/noble [amd64])
Inst libxft-dev (2.3.6-1build1 Ubuntu:24.04/noble [amd64])
Inst libxss-dev (1:1.2.3-1build3 Ubuntu:24.04/noble [amd64])
Inst libxt-dev (1:1.2.1-1.2build1 Ubuntu:24.04/noble [amd64])
Inst python3-mpi4py (3.1.5-5ubuntu2 Ubuntu:24.04/noble [amd64])
Inst python3-vtk9 (9.1.0+really9.1.0+dfsg2-7.1build3 Ubuntu:24.04/noble [amd64])
Inst tcl8.6-dev (8.6.14+dfsg-1build1 Ubuntu:24.04/noble [amd64])
Inst tcl-dev (8.6.14build1 Ubuntu:24.04/noble [amd64])
Inst tk8.6 (8.6.14-1build1 Ubuntu:24.04/noble [amd64])
Inst tk8.6-dev (8.6.14-1build1 Ubuntu:24.04/noble [amd64])
Inst tk (8.6.14build1 Ubuntu:24.04/noble [amd64])
Inst tk-dev (8.6.14build1 Ubuntu:24.04/noble [amd64])
Inst vtk9 (9.1.0+really9.1.0+dfsg2-7.1build3 Ubuntu:24.04/noble [amd64])
Inst libvtk9-dev (9.1.0+really9.1.0+dfsg2-7.1build3 Ubuntu:24.04/noble [amd64])
Inst qdoc-qt5 (5.15.13-1 Ubuntu:24.04/noble [amd64])
Inst qhelpgenerator-qt5 (5.15.13-1 Ubuntu:24.04/noble [amd64])
Inst qt5-assistant (5.15.13-1 Ubuntu:24.04/noble [amd64])
Inst qtattributionsscanner-qt5 (5.15.13-1 Ubuntu:24.04/noble [amd64])
Inst qttools5-dev-tools (5.15.13-1 Ubuntu:24.04/noble [amd64])
Inst qttools5-dev (5.15.13-1 Ubuntu:24.04/noble [amd64])
Inst qttools5-private-dev (5.15.13-1 Ubuntu:24.04/noble [amd64])
Inst libvtk9-qt-dev (9.1.0+really9.1.0+dfsg2-7.1build3 Ubuntu:24.04/noble [amd64])
Inst libpcl-dev (1.14.0+dfsg-1 Ubuntu:24.04/noble [amd64])
Conf libhyphen0 (2.8.8-7build3 Ubuntu:24.04/noble [amd64])
Conf libqt5positioning5 (5.15.13+dfsg-1 Ubuntu:24.04/noble [amd64])
Conf libqt5sensors5 (5.15.13-1 Ubuntu:24.04/noble [amd64])
Conf libqt5webchannel5 (5.15.13-1 Ubuntu:24.04/noble [amd64])
Conf libwoff1 (1.0.2-2build1 Ubuntu:24.04/noble [amd64])
Conf libqt5webkit5 (5.212.0~alpha4-36 Ubuntu:24.04/noble [amd64])
Conf libqt5webkit5-dev (5.212.0~alpha4-36 Ubuntu:24.04/noble [amd64])
Conf libnuma1 (2.0.18-1ubuntu0.24.04.1 Ubuntu:24.04/noble-updates [amd64])
Conf numactl (2.0.18-1ubuntu0.24.04.1 Ubuntu:24.04/noble-updates [amd64])
Conf m4 (1.4.19-4build1 Ubuntu:24.04/noble [amd64])
Conf autoconf (2.71-3 Ubuntu:24.04/noble [all])
Conf autotools-dev (20220109.1 Ubuntu:24.04/noble [all])
Conf automake (1:1.16.5-1.3ubuntu1 Ubuntu:24.04/noble [all])
Conf openjdk-21-jdk-headless (21.0.12+8-1~24.04 Ubuntu:24.04/noble-updates, Ubuntu:24.04/noble-security [amd64])
Conf default-jdk-headless (2:1.21-75+exp1 Ubuntu:24.04/noble [amd64])
Conf openjdk-21-jdk (21.0.12+8-1~24.04 Ubuntu:24.04/noble-updates, Ubuntu:24.04/noble-security [amd64])
Conf default-jdk (2:1.21-75+exp1 Ubuntu:24.04/noble [amd64])
Conf libmysqlclient-dev (8.0.46-0ubuntu0.24.04.4 Ubuntu:24.04/noble-updates, Ubuntu:24.04/noble-security [amd64])
Conf default-libmysqlclient-dev (1.1.0build1 Ubuntu:24.04/noble [amd64])
Conf libgfortran-13-dev (13.3.0-6ubuntu2~24.04.1 Ubuntu:24.04/noble-updates, Ubuntu:24.04/noble-security [amd64])
Conf gfortran-13-x86-64-linux-gnu (13.3.0-6ubuntu2~24.04.1 Ubuntu:24.04/noble-updates, Ubuntu:24.04/noble-security [amd64])
Conf gfortran-13 (13.3.0-6ubuntu2~24.04.1 Ubuntu:24.04/noble-updates, Ubuntu:24.04/noble-security [amd64])
Conf hdf5-helpers (1.10.10+repack-3.1ubuntu4 Ubuntu:24.04/noble [amd64])
Conf libaom-dev (3.8.2-2ubuntu0.1 Ubuntu:24.04/noble-updates, Ubuntu:24.04/noble-security [amd64])
Conf libblas-dev (3.12.0-3build1.1 Ubuntu:24.04/noble-updates [amd64])
Conf liblapack-dev (3.12.0-3build1.1 Ubuntu:24.04/noble-updates [amd64])
Conf libarpack2-dev (3.9.1-1.1build2 Ubuntu:24.04/noble [amd64])
Conf libhdf5-fortran-102t64 (1.10.10+repack-3.1ubuntu4 Ubuntu:24.04/noble [amd64])
Conf libhdf5-hl-fortran-100t64 (1.10.10+repack-3.1ubuntu4 Ubuntu:24.04/noble [amd64])
Conf libhdf5-cpp-103-1t64 (1.10.10+repack-3.1ubuntu4 Ubuntu:24.04/noble [amd64])
Conf libhdf5-hl-cpp-100t64 (1.10.10+repack-3.1ubuntu4 Ubuntu:24.04/noble [amd64])
Conf libaec-dev (1.1.2-1build1 Ubuntu:24.04/noble [amd64])
Conf libcurl4-openssl-dev (8.5.0-2ubuntu10.13 Ubuntu:24.04/noble-updates, Ubuntu:24.04/noble-security [amd64])
Conf libhdf5-dev (1.10.10+repack-3.1ubuntu4 Ubuntu:24.04/noble [amd64])
Conf libsuperlu-dev (6.0.1+dfsg1-1build1 Ubuntu:24.04/noble [amd64])
Conf libarmadillo-dev (1:12.6.7+dfsg-1build2 Ubuntu:24.04/noble [amd64])
Conf libblosc-dev (1.21.5+ds-1build1 Ubuntu:24.04/noble [amd64])
Conf libboost1.83-dev (1.83.0-2.1ubuntu3.2 Ubuntu:24.04/noble-updates [amd64])
Conf libboost-dev (1.83.0.1ubuntu2 Ubuntu:24.04/noble [amd64])
Conf libboost1.83-tools-dev (1.83.0-2.1ubuntu3.2 Ubuntu:24.04/noble-updates [amd64])
Conf libboost-tools-dev (1.83.0.1ubuntu2 Ubuntu:24.04/noble [amd64])
Conf libboost-atomic1.83.0 (1.83.0-2.1ubuntu3.2 Ubuntu:24.04/noble-updates [amd64])
Conf libboost-atomic1.83-dev (1.83.0-2.1ubuntu3.2 Ubuntu:24.04/noble-updates [amd64])
Conf libboost-atomic-dev (1.83.0.1ubuntu2 Ubuntu:24.04/noble [amd64])
Conf libboost-chrono1.83.0t64 (1.83.0-2.1ubuntu3.2 Ubuntu:24.04/noble-updates [amd64])
Conf libboost-chrono1.83-dev (1.83.0-2.1ubuntu3.2 Ubuntu:24.04/noble-updates [amd64])
Conf libboost-chrono-dev (1.83.0.1ubuntu2 Ubuntu:24.04/noble [amd64])
Conf libboost-container1.83.0 (1.83.0-2.1ubuntu3.2 Ubuntu:24.04/noble-updates [amd64])
Conf libboost-container1.83-dev (1.83.0-2.1ubuntu3.2 Ubuntu:24.04/noble-updates [amd64])
Conf libboost-container-dev (1.83.0.1ubuntu2 Ubuntu:24.04/noble [amd64])
Conf libboost-date-time1.83.0 (1.83.0-2.1ubuntu3.2 Ubuntu:24.04/noble-updates [amd64])
Conf libboost-serialization1.83.0 (1.83.0-2.1ubuntu3.2 Ubuntu:24.04/noble-updates [amd64])
Conf libboost-serialization1.83-dev (1.83.0-2.1ubuntu3.2 Ubuntu:24.04/noble-updates [amd64])
Conf libboost-date-time1.83-dev (1.83.0-2.1ubuntu3.2 Ubuntu:24.04/noble-updates [amd64])
Conf libboost-system1.83.0 (1.83.0-2.1ubuntu3.2 Ubuntu:24.04/noble-updates [amd64])
Conf libboost-system1.83-dev (1.83.0-2.1ubuntu3.2 Ubuntu:24.04/noble-updates [amd64])
Conf libboost-thread1.83.0 (1.83.0-2.1ubuntu3.2 Ubuntu:24.04/noble-updates [amd64])
Conf libboost-thread1.83-dev (1.83.0-2.1ubuntu3.2 Ubuntu:24.04/noble-updates [amd64])
Conf libboost-context1.83.0 (1.83.0-2.1ubuntu3.2 Ubuntu:24.04/noble-updates [amd64])
Conf libboost-context1.83-dev (1.83.0-2.1ubuntu3.2 Ubuntu:24.04/noble-updates [amd64])
Conf libboost-context-dev (1.83.0.1ubuntu2 Ubuntu:24.04/noble [amd64])
Conf libboost-coroutine1.83.0 (1.83.0-2.1ubuntu3.2 Ubuntu:24.04/noble-updates [amd64])
Conf libboost-coroutine1.83-dev (1.83.0-2.1ubuntu3.2 Ubuntu:24.04/noble-updates [amd64])
Conf libboost-coroutine-dev (1.83.0.1ubuntu2 Ubuntu:24.04/noble [amd64])
Conf libboost-date-time-dev (1.83.0.1ubuntu2 Ubuntu:24.04/noble [amd64])
Conf libboost-exception1.83-dev (1.83.0-2.1ubuntu3.2 Ubuntu:24.04/noble-updates [amd64])
Conf libboost-exception-dev (1.83.0.1ubuntu2 Ubuntu:24.04/noble [amd64])
Conf libboost-filesystem1.83.0 (1.83.0-2.1ubuntu3.2 Ubuntu:24.04/noble-updates [amd64])
Conf libboost-filesystem1.83-dev (1.83.0-2.1ubuntu3.2 Ubuntu:24.04/noble-updates [amd64])
Conf libboost-fiber1.83.0 (1.83.0-2.1ubuntu3.2 Ubuntu:24.04/noble-updates [amd64])
Conf libboost-fiber1.83-dev (1.83.0-2.1ubuntu3.2 Ubuntu:24.04/noble-updates [amd64])
Conf libboost-fiber-dev (1.83.0.1ubuntu2 Ubuntu:24.04/noble [amd64])
Conf libboost-filesystem-dev (1.83.0.1ubuntu2 Ubuntu:24.04/noble [amd64])
Conf libboost-graph1.83.0 (1.83.0-2.1ubuntu3.2 Ubuntu:24.04/noble-updates [amd64])
Conf libboost-regex1.83.0 (1.83.0-2.1ubuntu3.2 Ubuntu:24.04/noble-updates [amd64])
Conf libboost-regex1.83-dev (1.83.0-2.1ubuntu3.2 Ubuntu:24.04/noble-updates [amd64])
Conf libboost-test1.83.0 (1.83.0-2.1ubuntu3.2 Ubuntu:24.04/noble-updates [amd64])
Conf libboost-test1.83-dev (1.83.0-2.1ubuntu3.2 Ubuntu:24.04/noble-updates [amd64])
Conf libboost-graph1.83-dev (1.83.0-2.1ubuntu3.2 Ubuntu:24.04/noble-updates [amd64])
Conf libboost-graph-dev (1.83.0.1ubuntu2 Ubuntu:24.04/noble [amd64])
Conf libboost-mpi1.83.0 (1.83.0-2.1ubuntu3.2 Ubuntu:24.04/noble-updates [amd64])
Conf libboost-graph-parallel1.83.0 (1.83.0-2.1ubuntu3.2 Ubuntu:24.04/noble-updates [amd64])
Conf libboost-graph-parallel1.83-dev (1.83.0-2.1ubuntu3.2 Ubuntu:24.04/noble-updates [amd64])
Conf libboost-graph-parallel-dev (1.83.0.1ubuntu2 Ubuntu:24.04/noble [amd64])
Conf libboost-iostreams1.83.0 (1.83.0-2.1ubuntu3.2 Ubuntu:24.04/noble-updates [amd64])
Conf libboost-iostreams1.83-dev (1.83.0-2.1ubuntu3.2 Ubuntu:24.04/noble-updates [amd64])
Conf libboost-iostreams-dev (1.83.0.1ubuntu2 Ubuntu:24.04/noble [amd64])
Conf libboost-json1.83.0 (1.83.0-2.1ubuntu3.2 Ubuntu:24.04/noble-updates [amd64])
Conf libboost-json1.83-dev (1.83.0-2.1ubuntu3.2 Ubuntu:24.04/noble-updates [amd64])
Conf libboost-json-dev (1.83.0.1ubuntu2 Ubuntu:24.04/noble [amd64])
Conf libboost-locale1.83.0 (1.83.0-2.1ubuntu3.2 Ubuntu:24.04/noble-updates [amd64])
Conf libboost-locale1.83-dev (1.83.0-2.1ubuntu3.2 Ubuntu:24.04/noble-updates [amd64])
Conf libboost-locale-dev (1.83.0.1ubuntu2 Ubuntu:24.04/noble [amd64])
Conf libboost-log1.83.0 (1.83.0-2.1ubuntu3.2 Ubuntu:24.04/noble-updates [amd64])
Conf libboost-log1.83-dev (1.83.0-2.1ubuntu3.2 Ubuntu:24.04/noble-updates [amd64])
Conf libboost-log-dev (1.83.0.1ubuntu2 Ubuntu:24.04/noble [amd64])
Conf libboost-math1.83.0 (1.83.0-2.1ubuntu3.2 Ubuntu:24.04/noble-updates [amd64])
Conf libboost-math1.83-dev (1.83.0-2.1ubuntu3.2 Ubuntu:24.04/noble-updates [amd64])
Conf libboost-math-dev (1.83.0.1ubuntu2 Ubuntu:24.04/noble [amd64])
Conf openmpi-common (4.1.6-7ubuntu2 Ubuntu:24.04/noble [all])
Conf libnl-3-dev (3.7.0-0.3build1.1 Ubuntu:24.04/noble-updates [amd64])
Conf libnl-route-3-dev (3.7.0-0.3build1.1 Ubuntu:24.04/noble-updates [amd64])
Conf libibverbs-dev (50.0-2ubuntu0.2 Ubuntu:24.04/noble-updates [amd64])
Conf libnuma-dev (2.0.18-1ubuntu0.24.04.1 Ubuntu:24.04/noble-updates [amd64])
Conf libltdl-dev (2.4.7-7build1 Ubuntu:24.04/noble [amd64])
Conf libhwloc-dev (2.10.0-1build1 Ubuntu:24.04/noble [amd64])
Conf libevent-2.1-7t64 (2.1.12-stable-9ubuntu2.1 Ubuntu:24.04/noble-updates, Ubuntu:24.04/noble-security [amd64])
Conf libevent-extra-2.1-7t64 (2.1.12-stable-9ubuntu2.1 Ubuntu:24.04/noble-updates, Ubuntu:24.04/noble-security [amd64])
Conf libevent-openssl-2.1-7t64 (2.1.12-stable-9ubuntu2.1 Ubuntu:24.04/noble-updates, Ubuntu:24.04/noble-security [amd64])
Conf libevent-dev (2.1.12-stable-9ubuntu2.1 Ubuntu:24.04/noble-updates, Ubuntu:24.04/noble-security [amd64])
Conf libpmix-dev (5.0.1-4.1build1 Ubuntu:24.04/noble [amd64])
Conf openmpi-bin (4.1.6-7ubuntu2 Ubuntu:24.04/noble [amd64])
Conf libopenmpi-dev (4.1.6-7ubuntu2 Ubuntu:24.04/noble [amd64])
Conf mpi-default-dev (1.15build1 Ubuntu:24.04/noble [amd64])
Conf libboost-mpi1.83-dev (1.83.0-2.1ubuntu3.2 Ubuntu:24.04/noble-updates [amd64])
Conf libboost-mpi-dev (1.83.0.1ubuntu2 Ubuntu:24.04/noble [amd64])
Conf libboost-python1.83.0 (1.83.0-2.1ubuntu3.2 Ubuntu:24.04/noble-updates [amd64])
Conf mpi-default-bin (1.15build1 Ubuntu:24.04/noble [amd64])
Conf libboost-mpi-python1.83.0 (1.83.0-2.1ubuntu3.2 Ubuntu:24.04/noble-updates [amd64])
Conf libboost-mpi-python1.83-dev (1.83.0-2.1ubuntu3.2 Ubuntu:24.04/noble-updates [amd64])
Conf libboost-mpi-python-dev (1.83.0.1ubuntu2 Ubuntu:24.04/noble [amd64])
Conf libboost-numpy1.83.0 (1.83.0-2.1ubuntu3.2 Ubuntu:24.04/noble-updates [amd64])
Conf libboost-numpy1.83-dev (1.83.0-2.1ubuntu3.2 Ubuntu:24.04/noble-updates [amd64])
Conf libboost-numpy-dev (1.83.0.1ubuntu2 Ubuntu:24.04/noble [amd64])
Conf libboost-program-options1.83.0 (1.83.0-2.1ubuntu3.2 Ubuntu:24.04/noble-updates [amd64])
Conf libboost-program-options1.83-dev (1.83.0-2.1ubuntu3.2 Ubuntu:24.04/noble-updates [amd64])
Conf libboost-program-options-dev (1.83.0.1ubuntu2 Ubuntu:24.04/noble [amd64])
Conf libboost-python1.83-dev (1.83.0-2.1ubuntu3.2 Ubuntu:24.04/noble-updates [amd64])
Conf libboost-python-dev (1.83.0.1ubuntu2 Ubuntu:24.04/noble [amd64])
Conf libboost-random1.83.0 (1.83.0-2.1ubuntu3.2 Ubuntu:24.04/noble-updates [amd64])
Conf libboost-random1.83-dev (1.83.0-2.1ubuntu3.2 Ubuntu:24.04/noble-updates [amd64])
Conf libboost-random-dev (1.83.0.1ubuntu2 Ubuntu:24.04/noble [amd64])
Conf libboost-regex-dev (1.83.0.1ubuntu2 Ubuntu:24.04/noble [amd64])
Conf libboost-serialization-dev (1.83.0.1ubuntu2 Ubuntu:24.04/noble [amd64])
Conf libboost-stacktrace1.83.0 (1.83.0-2.1ubuntu3.2 Ubuntu:24.04/noble-updates [amd64])
Conf libboost-stacktrace1.83-dev (1.83.0-2.1ubuntu3.2 Ubuntu:24.04/noble-updates [amd64])
Conf libboost-stacktrace-dev (1.83.0.1ubuntu2 Ubuntu:24.04/noble [amd64])
Conf libboost-system-dev (1.83.0.1ubuntu2 Ubuntu:24.04/noble [amd64])
Conf libboost-test-dev (1.83.0.1ubuntu2 Ubuntu:24.04/noble [amd64])
Conf libboost-thread-dev (1.83.0.1ubuntu2 Ubuntu:24.04/noble [amd64])
Conf libboost-timer1.83.0 (1.83.0-2.1ubuntu3.2 Ubuntu:24.04/noble-updates [amd64])
Conf libboost-timer1.83-dev (1.83.0-2.1ubuntu3.2 Ubuntu:24.04/noble-updates [amd64])
Conf libboost-timer-dev (1.83.0.1ubuntu2 Ubuntu:24.04/noble [amd64])
Conf libboost-type-erasure1.83.0 (1.83.0-2.1ubuntu3.2 Ubuntu:24.04/noble-updates [amd64])
Conf libboost-type-erasure1.83-dev (1.83.0-2.1ubuntu3.2 Ubuntu:24.04/noble-updates [amd64])
Conf libboost-type-erasure-dev (1.83.0.1ubuntu2 Ubuntu:24.04/noble [amd64])
Conf libboost-url1.83.0 (1.83.0-2.1ubuntu3.2 Ubuntu:24.04/noble-updates [amd64])
Conf libboost-url1.83-dev (1.83.0-2.1ubuntu3.2 Ubuntu:24.04/noble-updates [amd64])
Conf libboost-url-dev (1.83.0.1ubuntu2 Ubuntu:24.04/noble [amd64])
Conf libboost-wave1.83.0 (1.83.0-2.1ubuntu3.2 Ubuntu:24.04/noble-updates [amd64])
Conf libboost-wave1.83-dev (1.83.0-2.1ubuntu3.2 Ubuntu:24.04/noble-updates [amd64])
Conf libboost-wave-dev (1.83.0.1ubuntu2 Ubuntu:24.04/noble [amd64])
Conf libboost-nowide1.83.0 (1.83.0-2.1ubuntu3.2 Ubuntu:24.04/noble-updates [amd64])
Conf libboost-nowide1.83-dev (1.83.0-2.1ubuntu3.2 Ubuntu:24.04/noble-updates [amd64])
Conf libboost-nowide-dev (1.83.0.1ubuntu2 Ubuntu:24.04/noble [amd64])
Conf libboost-all-dev (1.83.0.1ubuntu2 Ubuntu:24.04/noble [amd64])
Conf libbrotli-dev (1.1.0-2build2 Ubuntu:24.04/noble [amd64])
Conf libbz2-dev (1.0.8-5.1ubuntu0.1 Ubuntu:24.04/noble-updates, Ubuntu:24.04/noble-security [amd64])
Conf libcfitsio-dev (4.3.1-1.1build2 Ubuntu:24.04/noble [amd64])
Conf libllvm15t64 (1:15.0.7-14build3 Ubuntu:24.04/noble [amd64])
Conf libclang1-15t64 (1:15.0.7-14build3 Ubuntu:24.04/noble [amd64])
Conf libdav1d-dev (1.4.1-1build1 Ubuntu:24.04/noble [amd64])
Conf libde265-dev (1.0.15-1ubuntu0.1 Ubuntu:24.04/noble-updates, Ubuntu:24.04/noble-security [amd64])
Conf libflann1.9 (1.9.2+dfsg-2build1 Ubuntu:24.04/noble [amd64])
Conf libhdf5-openmpi-103-1t64 (1.10.10+repack-3.1ubuntu4 Ubuntu:24.04/noble [amd64])
Conf libhdf5-openmpi-fortran-102t64 (1.10.10+repack-3.1ubuntu4 Ubuntu:24.04/noble [amd64])
Conf libhdf5-openmpi-hl-100t64 (1.10.10+repack-3.1ubuntu4 Ubuntu:24.04/noble [amd64])
Conf libhdf5-openmpi-hl-fortran-100t64 (1.10.10+repack-3.1ubuntu4 Ubuntu:24.04/noble [amd64])
Conf libhdf5-openmpi-cpp-103-1t64 (1.10.10+repack-3.1ubuntu4 Ubuntu:24.04/noble [amd64])
Conf libhdf5-openmpi-hl-cpp-100t64 (1.10.10+repack-3.1ubuntu4 Ubuntu:24.04/noble [amd64])
Conf libhdf5-openmpi-dev (1.10.10+repack-3.1ubuntu4 Ubuntu:24.04/noble [amd64])
Conf libhdf5-mpi-dev (1.10.10+repack-3.1ubuntu4 Ubuntu:24.04/noble [amd64])
Conf liblz4-dev (1.9.4-1build1.1 Ubuntu:24.04/noble-updates [amd64])
Conf libflann-dev (1.9.2+dfsg-2build1 Ubuntu:24.04/noble [amd64])
Conf libfreetype-dev (2.13.2+dfsg-1ubuntu0.1 Ubuntu:24.04/noble-updates, Ubuntu:24.04/noble-security [amd64])
Conf uuid-dev (2.39.3-9ubuntu6.6 Ubuntu:24.04/noble-updates, Ubuntu:24.04/noble-security [amd64])
Conf libfontconfig-dev (2.15.0-1.1ubuntu2 Ubuntu:24.04/noble [amd64])
Conf libfontconfig1-dev (2.15.0-1.1ubuntu2 Ubuntu:24.04/noble [amd64])
Conf libfyba-dev (4.1.1-11build1 Ubuntu:24.04/noble [amd64])
Conf libgeos-dev (3.12.1-3build1 Ubuntu:24.04/noble [amd64])
Conf libgflags2.2 (2.2.2-2build1 Ubuntu:24.04/noble [amd64])
Conf libgflags-dev (2.2.2-2build1 Ubuntu:24.04/noble [amd64])
Conf libgif-dev (5.2.2-1ubuntu1.2 Ubuntu:24.04/noble-updates, Ubuntu:24.04/noble-security [amd64])
Conf libgl2ps-dev (1.4.2+dfsg1-2build1 Ubuntu:24.04/noble [amd64])
Conf libglew-dev (2.2.0-4build1 Ubuntu:24.04/noble [amd64])
Conf libgoogle-glog0v6t64 (0.6.0-2.1build1 Ubuntu:24.04/noble [amd64])
Conf libunwind-dev (1.6.2-3build1.1 Ubuntu:24.04/noble-updates [amd64])
Conf libgoogle-glog-dev (0.6.0-2.1build1 Ubuntu:24.04/noble [amd64])
Conf libx265-dev (3.5-2build1 Ubuntu:24.04/noble [amd64])
Conf libheif-dev (1.17.6-1ubuntu4.8 Ubuntu:24.04/noble-updates, Ubuntu:24.04/noble-security [amd64])
Conf libice-dev (2:1.0.10-1build3 Ubuntu:24.04/noble [amd64])
Conf libkmlconvenience1t64 (1.3.0-12build1 Ubuntu:24.04/noble [amd64])
Conf libkmlregionator1t64 (1.3.0-12build1 Ubuntu:24.04/noble [amd64])
Conf libkmlxsd1t64 (1.3.0-12build1 Ubuntu:24.04/noble [amd64])
Conf libminizip-dev (1:1.3.dfsg-3.1ubuntu2.2 Ubuntu:24.04/noble-updates, Ubuntu:24.04/noble-security [amd64])
Conf libnetcdf-dev (1:4.9.2-5ubuntu4 Ubuntu:24.04/noble [amd64])
Conf libodbccr2 (2.3.12-1ubuntu0.24.04.1 Ubuntu:24.04/noble-updates, Ubuntu:24.04/noble-security [amd64])
Conf libtirpc-dev (1.3.4+ds-1.1build1 Ubuntu:24.04/noble [amd64])
Conf libogdi-dev (4.1.1+ds-3build1 Ubuntu:24.04/noble [amd64])
Conf libogg-dev (1.3.5-3build1 Ubuntu:24.04/noble [amd64])
Conf libtinyxml2.6.2v5 (2.6.2-6.1 Ubuntu:24.04/noble [amd64])
Conf libopenni0t64 (1.5.4.0+dfsg-7.1build1 Ubuntu:24.04/noble [amd64])
Conf libopenni-dev (1.5.4.0+dfsg-7.1build1 Ubuntu:24.04/noble [amd64])
Conf libopenni2-0 (2.2.0.33+dfsg-18 Ubuntu:24.04/noble [amd64])
Conf libopenni2-dev (2.2.0.33+dfsg-18 Ubuntu:24.04/noble [amd64])
Conf libpcl-common1.14 (1.14.0+dfsg-1 Ubuntu:24.04/noble [amd64])
Conf libpcl-kdtree1.14 (1.14.0+dfsg-1 Ubuntu:24.04/noble [amd64])
Conf libpcl-octree1.14 (1.14.0+dfsg-1 Ubuntu:24.04/noble [amd64])
Conf libpcl-sample-consensus1.14 (1.14.0+dfsg-1 Ubuntu:24.04/noble [amd64])
Conf libpcl-search1.14 (1.14.0+dfsg-1 Ubuntu:24.04/noble [amd64])
Conf libpcl-filters1.14 (1.14.0+dfsg-1 Ubuntu:24.04/noble [amd64])
Conf libpcl-features1.14 (1.14.0+dfsg-1 Ubuntu:24.04/noble [amd64])
Conf libpcl-ml1.14 (1.14.0+dfsg-1 Ubuntu:24.04/noble [amd64])
Conf libpcl-segmentation1.14 (1.14.0+dfsg-1 Ubuntu:24.04/noble [amd64])
Conf libpcl-surface1.14 (1.14.0+dfsg-1 Ubuntu:24.04/noble [amd64])
Conf libpcl-apps1.14 (1.14.0+dfsg-1 Ubuntu:24.04/noble [amd64])
Conf libpcl-io1.14 (1.14.0+dfsg-1 Ubuntu:24.04/noble [amd64])
Conf libpcl-keypoints1.14 (1.14.0+dfsg-1 Ubuntu:24.04/noble [amd64])
Conf libpcl-outofcore1.14 (1.14.0+dfsg-1 Ubuntu:24.04/noble [amd64])
Conf libpcl-people1.14 (1.14.0+dfsg-1 Ubuntu:24.04/noble [amd64])
Conf libpcl-registration1.14 (1.14.0+dfsg-1 Ubuntu:24.04/noble [amd64])
Conf libpcl-recognition1.14 (1.14.0+dfsg-1 Ubuntu:24.04/noble [amd64])
Conf libpcl-stereo1.14 (1.14.0+dfsg-1 Ubuntu:24.04/noble [amd64])
Conf libpcl-tracking1.14 (1.14.0+dfsg-1 Ubuntu:24.04/noble [amd64])
Conf libpcl-visualization1.14 (1.14.0+dfsg-1 Ubuntu:24.04/noble [amd64])
Conf libpcre2-32-0 (10.42-4ubuntu2.1 Ubuntu:24.04/noble-updates [amd64])
Conf libpcre2-posix3 (10.42-4ubuntu2.1 Ubuntu:24.04/noble-updates [amd64])
Conf libpcre2-dev (10.42-4ubuntu2.1 Ubuntu:24.04/noble-updates [amd64])
Conf libpoppler-dev (24.02.0-1ubuntu9.9 Ubuntu:24.04/noble-updates, Ubuntu:24.04/noble-security [amd64])
Conf libpoppler-private-dev (24.02.0-1ubuntu9.9 Ubuntu:24.04/noble-updates, Ubuntu:24.04/noble-security [amd64])
Conf libpq-dev (16.15-0ubuntu0.24.04.1 Ubuntu:24.04/noble-updates, Ubuntu:24.04/noble-security [amd64])
Conf libqhull8.0 (2020.2-6build1 Ubuntu:24.04/noble [amd64])
Conf libqhullcpp8.0 (2020.2-6build1 Ubuntu:24.04/noble [amd64])
Conf libqhull-dev (2020.2-6build1 Ubuntu:24.04/noble [amd64])
Conf libqt5designer5 (5.15.13-1 Ubuntu:24.04/noble [amd64])
Conf libqt5designercomponents5 (5.15.13-1 Ubuntu:24.04/noble [amd64])
Conf libqt5help5 (5.15.13-1 Ubuntu:24.04/noble [amd64])
Conf librttopo-dev (1.1.0-3build2 Ubuntu:24.04/noble [amd64])
Conf libsm-dev (2:1.2.3-1build3 Ubuntu:24.04/noble [amd64])
Conf libsqlite3-dev (3.45.1-1ubuntu2.7 Ubuntu:24.04/noble-updates, Ubuntu:24.04/noble-security [amd64])
Conf libtheora-dev (1.1.1+dfsg.1-16.1build3 Ubuntu:24.04/noble [amd64])
Conf liburiparser-dev (0.9.7+dfsg-2build1 Ubuntu:24.04/noble [amd64])
Conf libusb-1.0-0-dev (2:1.0.27-1 Ubuntu:24.04/noble [amd64])
Conf libutfcpp-dev (3.2.5+really3.2.4-1 Ubuntu:24.04/noble [all])
Conf libdouble-conversion-dev (3.3.0-1build1 Ubuntu:24.04/noble [amd64])
Conf libeigen3-dev (3.4.0-4build0.1 Ubuntu:24.04/noble-updates [all])
Conf libfreexl-dev (2.0.0-1build2 Ubuntu:24.04/noble [amd64])
Conf libproj-dev (9.4.0-1build2 Ubuntu:24.04/noble [amd64])
Conf libgeotiff-dev (1.7.1-5build1 Ubuntu:24.04/noble [amd64])
Conf libhdf4-alt-dev (4.2.16-4build1 Ubuntu:24.04/noble [amd64])
Conf libjson-c-dev (0.17-1build1 Ubuntu:24.04/noble [amd64])
Conf libkml-dev (1.3.0-12build1 Ubuntu:24.04/noble [amd64])
Conf libopenjp2-7-dev (2.5.0-2ubuntu0.5 Ubuntu:24.04/noble-updates, Ubuntu:24.04/noble-security [amd64])
Conf libspatialite-dev (5.1.0-3build1 Ubuntu:24.04/noble [amd64])
Conf libxerces-c-dev (3.2.4+debian-1.2ubuntu2 Ubuntu:24.04/noble [amd64])
Conf unixodbc-dev (2.3.12-1ubuntu0.24.04.1 Ubuntu:24.04/noble-updates, Ubuntu:24.04/noble-security [amd64])
Conf libgdal-dev (3.8.4+dfsg-3ubuntu3 Ubuntu:24.04/noble [amd64])
Conf libjsoncpp-dev (1.9.5-6build1 Ubuntu:24.04/noble [amd64])
Conf libvtk9.1t64-qt (9.1.0+really9.1.0+dfsg2-7.1build3 Ubuntu:24.04/noble [amd64])
Conf libvtk9-java (9.1.0+really9.1.0+dfsg2-7.1build3 Ubuntu:24.04/noble [amd64])
Conf libxrender-dev (1:0.9.10-1.1build1 Ubuntu:24.04/noble [amd64])
Conf libxft-dev (2.3.6-1build1 Ubuntu:24.04/noble [amd64])
Conf libxss-dev (1:1.2.3-1build3 Ubuntu:24.04/noble [amd64])
Conf libxt-dev (1:1.2.1-1.2build1 Ubuntu:24.04/noble [amd64])
Conf python3-mpi4py (3.1.5-5ubuntu2 Ubuntu:24.04/noble [amd64])
Conf python3-vtk9 (9.1.0+really9.1.0+dfsg2-7.1build3 Ubuntu:24.04/noble [amd64])
Conf tcl8.6-dev (8.6.14+dfsg-1build1 Ubuntu:24.04/noble [amd64])
Conf tcl-dev (8.6.14build1 Ubuntu:24.04/noble [amd64])
Conf tk8.6 (8.6.14-1build1 Ubuntu:24.04/noble [amd64])
Conf tk8.6-dev (8.6.14-1build1 Ubuntu:24.04/noble [amd64])
Conf tk (8.6.14build1 Ubuntu:24.04/noble [amd64])
Conf tk-dev (8.6.14build1 Ubuntu:24.04/noble [amd64])
Conf vtk9 (9.1.0+really9.1.0+dfsg2-7.1build3 Ubuntu:24.04/noble [amd64])
Conf libvtk9-dev (9.1.0+really9.1.0+dfsg2-7.1build3 Ubuntu:24.04/noble [amd64])
Conf qdoc-qt5 (5.15.13-1 Ubuntu:24.04/noble [amd64])
Conf qhelpgenerator-qt5 (5.15.13-1 Ubuntu:24.04/noble [amd64])
Conf qt5-assistant (5.15.13-1 Ubuntu:24.04/noble [amd64])
Conf qtattributionsscanner-qt5 (5.15.13-1 Ubuntu:24.04/noble [amd64])
Conf qttools5-dev-tools (5.15.13-1 Ubuntu:24.04/noble [amd64])
Conf qttools5-dev (5.15.13-1 Ubuntu:24.04/noble [amd64])
Conf qttools5-private-dev (5.15.13-1 Ubuntu:24.04/noble [amd64])
Conf libvtk9-qt-dev (9.1.0+really9.1.0+dfsg2-7.1build3 Ubuntu:24.04/noble [amd64])
Conf libpcl-dev (1.14.0+dfsg-1 Ubuntu:24.04/noble [amd64])
