[ 33%] Building CXX object CMakeFiles/tare_official_tsp_probe.dir/main.cpp.o
In file included from /root/NSO/third_party/official_baselines/tare_official/src/tare_planner/or-tools/include/ortools/graph/graph.h:174,
                 from /root/NSO/third_party/official_baselines/tare_official/src/tare_planner/or-tools/include/ortools/constraint_solver/routing.h:190,
                 from /root/NSO/third_party/official_baselines/tare_official/src/tare_planner/include/tsp_solver/tsp_solver.h:7,
                 from /root/NSO/audit_results/tare_native_build_probe_20260910/tsp_component/main.cpp:6:
/root/NSO/third_party/official_baselines/tare_official/src/tare_planner/or-tools/include/ortools/graph/iterators.h:106:19: warning: ‘template<class _Category, class _Tp, class _Distance, class _Pointer, class _Reference> struct std::iterator’ is deprecated [-Wdeprecated-declarations]
  106 |     : public std::iterator<std::input_iterator_tag, IntegerType> {
      |                   ^~~~~~~~
In file included from /usr/include/c++/13/bits/stl_algobase.h:65,
                 from /usr/include/c++/13/algorithm:60,
                 from /root/NSO/audit_results/tare_native_build_probe_20260910/tsp_component/main.cpp:1:
/usr/include/c++/13/bits/stl_iterator_base_types.h:127:34: note: declared here
  127 |     struct _GLIBCXX17_DEPRECATED iterator
      |                                  ^~~~~~~~
[ 66%] Building CXX object CMakeFiles/tare_official_tsp_probe.dir/root/NSO/third_party/official_baselines/tare_official/src/tare_planner/src/tsp_solver/tsp_solver.cpp.o
In file included from /root/NSO/third_party/official_baselines/tare_official/src/tare_planner/or-tools/include/ortools/graph/graph.h:174,
                 from /root/NSO/third_party/official_baselines/tare_official/src/tare_planner/or-tools/include/ortools/constraint_solver/routing.h:190,
                 from /root/NSO/third_party/official_baselines/tare_official/src/tare_planner/src/tsp_solver/../../include/tsp_solver/tsp_solver.h:7,
                 from /root/NSO/third_party/official_baselines/tare_official/src/tare_planner/src/tsp_solver/tsp_solver.cpp:5:
/root/NSO/third_party/official_baselines/tare_official/src/tare_planner/or-tools/include/ortools/graph/iterators.h:106:19: warning: ‘template<class _Category, class _Tp, class _Distance, class _Pointer, class _Reference> struct std::iterator’ is deprecated [-Wdeprecated-declarations]
  106 |     : public std::iterator<std::input_iterator_tag, IntegerType> {
      |                   ^~~~~~~~
In file included from /usr/include/c++/13/bits/stl_algobase.h:65,
                 from /usr/include/c++/13/algorithm:60,
                 from /root/NSO/third_party/official_baselines/tare_official/src/tare_planner/or-tools/include/ortools/constraint_solver/routing.h:160:
/usr/include/c++/13/bits/stl_iterator_base_types.h:127:34: note: declared here
  127 |     struct _GLIBCXX17_DEPRECATED iterator
      |                                  ^~~~~~~~
[100%] Linking CXX executable tare_official_tsp_probe
[100%] Built target tare_official_tsp_probe
