... logging to /root/.ros/log/b45baa40-add7-11f1-8b1d-9a0373210c33/roslaunch-a92c61097ce0-6196.log
Checking log directory for disk usage. This may take a while.
Press Ctrl-C to interrupt
Done checking log file disk usage. Usage is <1GB.
]2;/source/tare_planner/launch/explore_garage.launch
[1mstarted roslaunch server http://127.0.0.1:33881/[0m

SUMMARY
========

PARAMETERS
 * /rosdistro: noetic
 * /rosversion: 1.17.4
 * /sensor_coverage_planner/tare_planner_node/kAtHomeDistThreshold: 0.5
 * /sensor_coverage_planner/tare_planner_node/kAutoStart: True
 * /sensor_coverage_planner/tare_planner_node/kCellAlmostCoveredToExploringThr: 20
 * /sensor_coverage_planner/tare_planner_node/kCellCoveredToExploringThr: 10
 * /sensor_coverage_planner/tare_planner_node/kCellExploringToAlmostCoveredThr: 10
 * /sensor_coverage_planner/tare_planner_node/kCellExploringToCoveredThr: 1
 * /sensor_coverage_planner/tare_planner_node/kCellUnknownToExploringThr: 1
 * /sensor_coverage_planner/tare_planner_node/kCheckDynamicObstacleCollision: False
 * /sensor_coverage_planner/tare_planner_node/kCheckTerrainCollision: True
 * /sensor_coverage_planner/tare_planner_node/kCollisionCloudDwzLeafSize: 0.2
 * /sensor_coverage_planner/tare_planner_node/kCollisionFrameCountMax: 3
 * /sensor_coverage_planner/tare_planner_node/kCollisionGridResolutionX: 0.2
 * /sensor_coverage_planner/tare_planner_node/kCollisionGridResolutionY: 0.2
 * /sensor_coverage_planner/tare_planner_node/kCollisionGridResolutionZ: 0.0
 * /sensor_coverage_planner/tare_planner_node/kCollisionGridZScale: 1.0
 * /sensor_coverage_planner/tare_planner_node/kCollisionPointThr: 1
 * /sensor_coverage_planner/tare_planner_node/kConnectivityHeightDiffThr: 0.25
 * /sensor_coverage_planner/tare_planner_node/kCoverCloudZSqueezeRatio: 2.0
 * /sensor_coverage_planner/tare_planner_node/kCoverageDilationRadius: 1.0
 * /sensor_coverage_planner/tare_planner_node/kCoverageOcclusionThr: 0.3
 * /sensor_coverage_planner/tare_planner_node/kDirectionChangeCounterThr: 6
 * /sensor_coverage_planner/tare_planner_node/kDirectionNoChangeCounterThr: 5
 * /sensor_coverage_planner/tare_planner_node/kExploringSubspaceMarkerColorA: 1.0
 * /sensor_coverage_planner/tare_planner_node/kExploringSubspaceMarkerColorB: 0.0
 * /sensor_coverage_planner/tare_planner_node/kExploringSubspaceMarkerColorG: 1.0
 * /sensor_coverage_planner/tare_planner_node/kExploringSubspaceMarkerColorGradientAlpha: True
 * /sensor_coverage_planner/tare_planner_node/kExploringSubspaceMarkerColorMaxAlpha: 0.8
 * /sensor_coverage_planner/tare_planner_node/kExploringSubspaceMarkerColorR: 0.0
 * /sensor_coverage_planner/tare_planner_node/kExtendWayPoint: True
 * /sensor_coverage_planner/tare_planner_node/kExtendWayPointDistanceBig: 8.0
 * /sensor_coverage_planner/tare_planner_node/kExtendWayPointDistanceSmall: 4.5
 * /sensor_coverage_planner/tare_planner_node/kFrontierClusterMinSize: 30
 * /sensor_coverage_planner/tare_planner_node/kFrontierClusterTolerance: 1.0
 * /sensor_coverage_planner/tare_planner_node/kGreedyViewPointSampleRange: 3
 * /sensor_coverage_planner/tare_planner_node/kGridWorldCellHeight: 3.0
 * /sensor_coverage_planner/tare_planner_node/kGridWorldNearbyGridNum: 5
 * /sensor_coverage_planner/tare_planner_node/kGridWorldXNum: 121
 * /sensor_coverage_planner/tare_planner_node/kGridWorldYNum: 121
 * /sensor_coverage_planner/tare_planner_node/kGridWorldZNum: 121
 * /sensor_coverage_planner/tare_planner_node/kKeyposeCloudDwzFilterLeafSize: 0.2
 * /sensor_coverage_planner/tare_planner_node/kKeyposeCloudStackNum: 5
 * /sensor_coverage_planner/tare_planner_node/kLineOfSightStopAtNearestObstacle: True
 * /sensor_coverage_planner/tare_planner_node/kLocalPathOptimizationItrMax: 10
 * /sensor_coverage_planner/tare_planner_node/kLocalPlanningHorizonHeight: 3.0
 * /sensor_coverage_planner/tare_planner_node/kLocalPlanningHorizonMarkerColorA: 1.0
 * /sensor_coverage_planner/tare_planner_node/kLocalPlanningHorizonMarkerColorB: 0.0
 * /sensor_coverage_planner/tare_planner_node/kLocalPlanningHorizonMarkerColorG: 1.0
 * /sensor_coverage_planner/tare_planner_node/kLocalPlanningHorizonMarkerColorR: 0.0
 * /sensor_coverage_planner/tare_planner_node/kLocalPlanningHorizonMarkerWidth: 0.3
 * /sensor_coverage_planner/tare_planner_node/kLookAheadDistance: 8
 * /sensor_coverage_planner/tare_planner_node/kMaxCellPointNum: 100000
 * /sensor_coverage_planner/tare_planner_node/kMinAddFrontierPointNum: 15
 * /sensor_coverage_planner/tare_planner_node/kMinAddPointNumBig: 60
 * /sensor_coverage_planner/tare_planner_node/kMinAddPointNumSmall: 40
 * /sensor_coverage_planner/tare_planner_node/kNeighborRange: 3.0
 * /sensor_coverage_planner/tare_planner_node/kNoExplorationReturnHome: True
 * /sensor_coverage_planner/tare_planner_node/kPointCloudCellHeight: 1.8
 * /sensor_coverage_planner/tare_planner_node/kPointCloudCellSize: 18
 * /sensor_coverage_planner/tare_planner_node/kPointCloudColNum: 50
 * /sensor_coverage_planner/tare_planner_node/kPointCloudLevelNum: 30
 * /sensor_coverage_planner/tare_planner_node/kPointCloudManagerNeighborCellNum: 5
 * /sensor_coverage_planner/tare_planner_node/kPointCloudRowNum: 50
 * /sensor_coverage_planner/tare_planner_node/kResetWaypointJoystickAxesID: 2
 * /sensor_coverage_planner/tare_planner_node/kRushHome: True
 * /sensor_coverage_planner/tare_planner_node/kRushHomeDist: 10
 * /sensor_coverage_planner/tare_planner_node/kSensorRange: 12.0
 * /sensor_coverage_planner/tare_planner_node/kSurfaceCloudDwzLeafSize: 0.5
 * /sensor_coverage_planner/tare_planner_node/kTerrainCollisionThreshold: 0.5
 * /sensor_coverage_planner/tare_planner_node/kUseCoverageBoundaryOnFrontier: False
 * /sensor_coverage_planner/tare_planner_node/kUseCoverageBoundaryOnObjectSurface: False
 * /sensor_coverage_planner/tare_planner_node/kUseFrontier: True
 * /sensor_coverage_planner/tare_planner_node/kUseLineOfSightLookAheadPoint: True
 * /sensor_coverage_planner/tare_planner_node/kUseMomentum: False
 * /sensor_coverage_planner/tare_planner_node/kUseTerrainHeight: True
 * /sensor_coverage_planner/tare_planner_node/kViewPointCollisionMargin: 0.7
 * /sensor_coverage_planner/tare_planner_node/kViewPointCollisionMarginZMinus: 0.5
 * /sensor_coverage_planner/tare_planner_node/kViewPointCollisionMarginZPlus: 0.5
 * /sensor_coverage_planner/tare_planner_node/kViewPointHeightFromTerrain: 0.75
 * /sensor_coverage_planner/tare_planner_node/kViewPointHeightFromTerrainChangeThreshold: 0.6
 * /sensor_coverage_planner/tare_planner_node/keypose_graph/kAddEdgeCollisionCheckPointNumThr: 1
 * /sensor_coverage_planner/tare_planner_node/keypose_graph/kAddEdgeCollisionCheckRadius: 0.4
 * /sensor_coverage_planner/tare_planner_node/keypose_graph/kAddEdgeCollisionCheckResolution: 0.4
 * /sensor_coverage_planner/tare_planner_node/keypose_graph/kAddEdgeConnectDistThr: 3.0
 * /sensor_coverage_planner/tare_planner_node/keypose_graph/kAddEdgeToLastKeyposeDistThr: 3.0
 * /sensor_coverage_planner/tare_planner_node/keypose_graph/kAddEdgeVerticalThreshold: 1.0
 * /sensor_coverage_planner/tare_planner_node/keypose_graph/kAddNodeMinDist: 1.0
 * /sensor_coverage_planner/tare_planner_node/keypose_graph/kAddNonKeyposeNodeMinDist: 0.5
 * /sensor_coverage_planner/tare_planner_node/pub_exploration_finish_topic_: exploration_finish
 * /sensor_coverage_planner/tare_planner_node/pub_momentum_activation_count_topic_: momentum_activati...
 * /sensor_coverage_planner/tare_planner_node/pub_runtime_breakdown_topic_: runtime_breakdown
 * /sensor_coverage_planner/tare_planner_node/pub_runtime_topic_: /runtime
 * /sensor_coverage_planner/tare_planner_node/pub_waypoint_topic_: /way_point
 * /sensor_coverage_planner/tare_planner_node/rolling_occupancy_grid/resolution_x: 0.3
 * /sensor_coverage_planner/tare_planner_node/rolling_occupancy_grid/resolution_y: 0.3
 * /sensor_coverage_planner/tare_planner_node/rolling_occupancy_grid/resolution_z: 0.3
 * /sensor_coverage_planner/tare_planner_node/sub_coverage_boundary_topic_: /sensor_coverage_...
 * /sensor_coverage_planner/tare_planner_node/sub_joystick_topic_: /joy
 * /sensor_coverage_planner/tare_planner_node/sub_nogo_boundary_topic_: /sensor_coverage_...
 * /sensor_coverage_planner/tare_planner_node/sub_registered_scan_topic_: /registered_scan
 * /sensor_coverage_planner/tare_planner_node/sub_reset_waypoint_topic_: /reset_waypoint
 * /sensor_coverage_planner/tare_planner_node/sub_start_exploration_topic_: /start_exploration
 * /sensor_coverage_planner/tare_planner_node/sub_state_estimation_topic_: /state_estimation...
 * /sensor_coverage_planner/tare_planner_node/sub_terrain_map_ext_topic_: /terrain_map_ext
 * /sensor_coverage_planner/tare_planner_node/sub_terrain_map_topic_: /terrain_map
 * /sensor_coverage_planner/tare_planner_node/sub_viewpoint_boundary_topic_: /navigation_boundary
 * /sensor_coverage_planner/tare_planner_node/viewpoint_manager/number_x: 40
 * /sensor_coverage_planner/tare_planner_node/viewpoint_manager/number_y: 40
 * /sensor_coverage_planner/tare_planner_node/viewpoint_manager/number_z: 1
 * /sensor_coverage_planner/tare_planner_node/viewpoint_manager/resolution_x: 1.2
 * /sensor_coverage_planner/tare_planner_node/viewpoint_manager/resolution_y: 1.2
 * /sensor_coverage_planner/tare_planner_node/viewpoint_manager/resolution_z: 0.0

NODES
  /sensor_coverage_planner/
    tare_planner_node (tare_planner/tare_planner_node)
--------------------------------------------------------------------------------
Node [/sensor_coverage_planner/tare_planner_node]
Publications: 
 * /rosout [rosgraph_msgs/Log]
 * /sensor_coverage_planner/bspline_path_cloud [sensor_msgs/PointCloud2]
 * /sensor_coverage_planner/collision_cloud [sensor_msgs/PointCloud2]
 * /sensor_coverage_planner/coverage_cloud [sensor_msgs/PointCloud2]
 * /sensor_coverage_planner/diff_cloud [sensor_msgs/PointCloud2]
 * /sensor_coverage_planner/exploring_cell_vis_cloud [sensor_msgs/PointCloud2]
 * /sensor_coverage_planner/filtered_frontier_cloud [sensor_msgs/PointCloud2]
 * /sensor_coverage_planner/free_cloud [sensor_msgs/PointCloud2]
 * /sensor_coverage_planner/frontier_cloud [sensor_msgs/PointCloud2]
 * /sensor_coverage_planner/grid_world_vis_cloud [sensor_msgs/PointCloud2]
 * /sensor_coverage_planner/keypose_cloud [sensor_msgs/PointCloud2]
 * /sensor_coverage_planner/keypose_graph_cloud [sensor_msgs/PointCloud2]
 * /sensor_coverage_planner/lookahead_point_cloud [sensor_msgs/PointCloud2]
 * /sensor_coverage_planner/occupied_cloud [sensor_msgs/PointCloud2]
 * /sensor_coverage_planner/planner_cloud [sensor_msgs/PointCloud2]
 * /sensor_coverage_planner/pointcloud_manager_cloud [sensor_msgs/PointCloud2]
 * /sensor_coverage_planner/pointcloud_manager_occupancy_cloud_ [sensor_msgs/PointCloud2]
 * /sensor_coverage_planner/registered_cloud [sensor_msgs/PointCloud2]
 * /sensor_coverage_planner/registered_scan_stack [sensor_msgs/PointCloud2]
 * /sensor_coverage_planner/reordered_global_subspace_cloud [sensor_msgs/PointCloud2]
 * /sensor_coverage_planner/rolled_in_occupancy_cloud [sensor_msgs/PointCloud2]
 * /sensor_coverage_planner/rolled_out_occupancy_cloud [sensor_msgs/PointCloud2]
 * /sensor_coverage_planner/rolling_filtered_frontier_cloud [sensor_msgs/PointCloud2]
 * /sensor_coverage_planner/rolling_frontier_cloud [sensor_msgs/PointCloud2]
 * /sensor_coverage_planner/rolling_occupancy_grid_cloud [sensor_msgs/PointCloud2]
 * /sensor_coverage_planner/selected_viewpoint_vis_cloud [sensor_msgs/PointCloud2]
 * /sensor_coverage_planner/squeezed_planner_cloud [sensor_msgs/PointCloud2]
 * /sensor_coverage_planner/stacked_cloud [sensor_msgs/PointCloud2]
 * /sensor_coverage_planner/stacked_vertical_surface_cloud [sensor_msgs/PointCloud2]
 * /sensor_coverage_planner/terrain_cloud [sensor_msgs/PointCloud2]
 * /sensor_coverage_planner/terrain_cloud_large [sensor_msgs/PointCloud2]
 * /sensor_coverage_planner/terrain_collision_cloud [sensor_msgs/PointCloud2]
 * /sensor_coverage_planner/terrain_ext_collision_cloud [sensor_msgs/PointCloud2]
 * /sensor_coverage_planner/uncovered_cloud [sensor_msgs/PointCloud2]
 * /sensor_coverage_planner/uncovered_frontier_cloud [sensor_msgs/PointCloud2]
 * /sensor_coverage_planner/unknown_cloud [sensor_msgs/PointCloud2]
 * /sensor_coverage_planner/viewpoint_in_collision_cloud_ [sensor_msgs/PointCloud2]
 * /sensor_coverage_planner/viewpoint_vis_cloud [sensor_msgs/PointCloud2]

Subscriptions: None

Services: 
 * /sensor_coverage_planner/tare_planner_node/get_loggers
 * /sensor_coverage_planner/tare_planner_node/set_logger_level


contacting node http://127.0.0.1:46341/ ...
Pid: 6225
Connections:
 * topic: /rosout
    * to: /rosout
    * direction: outbound (45795 - 127.0.0.1:49588) [11]
    * transport: TCPROS

{"scope":"native planner node liveness only","sensor_inputs":false,"navigation_demo":false}

[1;32mExploration Started[0m

auto-starting new master
[1mprocess[master]: started with pid [6208][0m
[1mROS_MASTER_URI=http://127.0.0.1:11311[0m
]2;/source/tare_planner/launch/explore_garage.launch http://127.0.0.1:11311
[1msetting /run_id to b45baa40-add7-11f1-8b1d-9a0373210c33[0m
[1mprocess[rosout-1]: started with pid [6218][0m
started core service [/rosout]
[1mprocess[sensor_coverage_planner/tare_planner_node-2]: started with pid [6225][0m
[sensor_coverage_planner/tare_planner_node-2] killing on exit
[rosout-1] killing on exit
[master] killing on exit
shutting down processing monitor...
... shutting down processing monitor complete
[1mdone[0m
